#
# There is insufficient memory for the Java Runtime Environment to continue.
# Native memory allocation (mmap) failed to map 159383552 bytes for G1 virtual space
# Possible reasons:
#   The system is out of physical RAM or swap space
#   The process is running with CompressedOops enabled, and the Java Heap may be blocking the growth of the native heap
# Possible solutions:
#   Reduce memory load on the system
#   Increase physical memory or swap space
#   Check if swap backing store is full
#   Decrease Java heap size (-Xmx/-Xms)
#   Decrease number of Java threads
#   Decrease Java thread stack sizes (-Xss)
#   Set larger code cache with -XX:ReservedCodeCacheSize=
#   JVM is running with Unscaled Compressed Oops mode in which the Java heap is
#     placed in the first 4GB address space. The Java Heap base address is the
#     maximum limit for the native heap growth. Please use -XX:HeapBaseMinAddress
#     to set the Java Heap base and to place the Java Heap above 4GB virtual address.
# This output file may be truncated or incomplete.
#
#  Out of Memory Error (os_windows.cpp:3613), pid=6360, tid=6148
#
# JRE version: OpenJDK Runtime Environment Microsoft-8902769 (17.0.10+7) (build 17.0.10+7-LTS)
# Java VM: OpenJDK 64-Bit Server VM Microsoft-8902769 (17.0.10+7-LTS, mixed mode, sharing, tiered, compressed oops, compressed class ptrs, g1 gc, windows-amd64)
# No core dump will be written. Minidumps are not enabled by default on client versions of Windows
#

---------------  S U M M A R Y ------------

Command Line: --add-opens=java.base/java.lang=ALL-UNNAMED --add-opens=java.base/java.lang.invoke=ALL-UNNAMED --add-opens=java.base/java.util=ALL-UNNAMED --add-opens=java.prefs/java.util.prefs=ALL-UNNAMED --add-exports=jdk.compiler/com.sun.tools.javac.api=ALL-UNNAMED --add-exports=jdk.compiler/com.sun.tools.javac.util=ALL-UNNAMED --add-opens=java.base/java.util=ALL-UNNAMED --add-opens=java.prefs/java.util.prefs=ALL-UNNAMED --add-opens=java.base/java.nio.charset=ALL-UNNAMED --add-opens=java.base/java.net=ALL-UNNAMED --add-opens=java.base/java.util.concurrent.atomic=ALL-UNNAMED --add-opens=java.xml/javax.xml.namespace=ALL-UNNAMED -XX:MaxMetaspaceSize=512m -Xmx2048m -Dfile.encoding=UTF-8 -Duser.country=US -Duser.language=en -Duser.variant -javaagent:C:\Users\Chanchal\.gradle\wrapper\dists\gradle-8.14.3-bin\cv11ve7ro1n3o1j4so8xd9n66\gradle-8.14.3\lib\agents\gradle-instrumentation-agent-8.14.3.jar org.gradle.launcher.daemon.bootstrap.GradleDaemon 8.14.3

Host: Intel(R) Pentium(R) CPU G3240 @ 3.10GHz, 2 cores, 7G,  Windows 10 , 64 bit Build 19041 (10.0.19041.5915)
Time: Tue Sep 23 15:17:11 2025 India Standard Time elapsed time: 20.766197 seconds (0d 0h 0m 20s)

---------------  T H R E A D  ---------------

Current thread (0x000001e8f6b448e0):  VMThread "VM Thread" [stack: 0x00000099cb000000,0x00000099cb100000] [id=6148]

Stack: [0x00000099cb000000,0x00000099cb100000]
Native frames: (J=compiled Java code, j=interpreted, Vv=VM code, C=native code)
V  [jvm.dll+0x67f829]
V  [jvm.dll+0x83750a]
V  [jvm.dll+0x838fce]
V  [jvm.dll+0x839633]
V  [jvm.dll+0x247cbf]
V  [jvm.dll+0x67c669]
V  [jvm.dll+0x6710da]
V  [jvm.dll+0x309b8b]
V  [jvm.dll+0x311036]
V  [jvm.dll+0x360d5e]
V  [jvm.dll+0x360f8f]
V  [jvm.dll+0x2e0798]
V  [jvm.dll+0x2de974]
V  [jvm.dll+0x2ddf7c]
V  [jvm.dll+0x32200b]
V  [jvm.dll+0x83db2b]
V  [jvm.dll+0x83e871]
V  [jvm.dll+0x83ed8d]
V  [jvm.dll+0x83f164]
V  [jvm.dll+0x83f230]
V  [jvm.dll+0x7e69da]
V  [jvm.dll+0x67e715]
C  [ucrtbase.dll+0x21bb2]
C  [KERNEL32.DLL+0x17374]
C  [ntdll.dll+0x4cc91]

VM_Operation (0x00000099cc4f6380): G1CollectForAllocation, mode: safepoint, requested by thread 0x000001e8fca56350


---------------  P R O C E S S  ---------------

Threads class SMR info:
_java_thread_list=0x000001e8fe1ebf90, length=44, elements={
0x000001e8d7477d50, 0x000001e8f6b49bb0, 0x000001e8f6b4b0e0, 0x000001e8f6b5dfb0,
0x000001e8f6b620b0, 0x000001e8f6b62980, 0x000001e8f6b639f0, 0x000001e8f6b64e00,
0x000001e8f6b69c00, 0x000001e8f6b82530, 0x000001e8fb089920, 0x000001e8fb135b80,
0x000001e8fc24c8f0, 0x000001e8fc8c3780, 0x000001e8fc9e2700, 0x000001e8fc6909f0,
0x000001e8fc6912a0, 0x000001e8fca56d70, 0x000001e8fca56350, 0x000001e8fca535c0,
0x000001e8fca56860, 0x000001e8fca544f0, 0x000001e8fca55e40, 0x000001e8fca53ad0,
0x000001e8fca53fe0, 0x000001e8fca54f10, 0x000001e8fca55420, 0x000001e8fca55930,
0x000001e8feab1460, 0x000001e8feab0020, 0x000001e8feab1970, 0x000001e8feaaf600,
0x000001e8feab0530, 0x000001e8feab0f50, 0x000001e8feab28a0, 0x000001e8feaafb10,
0x000001e8feab2db0, 0x000001e8fecc58e0, 0x000001e8fecc3060, 0x000001e8fecc4ec0,
0x000001e8fecc3f90, 0x000001e8fecc7230, 0x000001e8fecc44a0, 0x000001e8fecc7740
}

Java Threads: ( => current thread )
  0x000001e8d7477d50 JavaThread "main" [_thread_blocked, id=7956, stack(0x00000099caa00000,0x00000099cab00000)]
  0x000001e8f6b49bb0 JavaThread "Reference Handler" daemon [_thread_blocked, id=320, stack(0x00000099cb100000,0x00000099cb200000)]
  0x000001e8f6b4b0e0 JavaThread "Finalizer" daemon [_thread_blocked, id=5928, stack(0x00000099cb200000,0x00000099cb300000)]
  0x000001e8f6b5dfb0 JavaThread "Signal Dispatcher" daemon [_thread_blocked, id=3016, stack(0x00000099cb300000,0x00000099cb400000)]
  0x000001e8f6b620b0 JavaThread "Attach Listener" daemon [_thread_blocked, id=4524, stack(0x00000099cb400000,0x00000099cb500000)]
  0x000001e8f6b62980 JavaThread "Service Thread" daemon [_thread_blocked, id=4168, stack(0x00000099cb500000,0x00000099cb600000)]
  0x000001e8f6b639f0 JavaThread "Monitor Deflation Thread" daemon [_thread_blocked, id=10720, stack(0x00000099cb600000,0x00000099cb700000)]
  0x000001e8f6b64e00 JavaThread "C2 CompilerThread0" daemon [_thread_blocked, id=1512, stack(0x00000099cb700000,0x00000099cb800000)]
  0x000001e8f6b69c00 JavaThread "C1 CompilerThread0" daemon [_thread_blocked, id=5220, stack(0x00000099cb800000,0x00000099cb900000)]
  0x000001e8f6b82530 JavaThread "Sweeper thread" daemon [_thread_blocked, id=1056, stack(0x00000099cb900000,0x00000099cba00000)]
  0x000001e8fb089920 JavaThread "Common-Cleaner" daemon [_thread_blocked, id=9144, stack(0x00000099cba00000,0x00000099cbb00000)]
  0x000001e8fb135b80 JavaThread "Notification Thread" daemon [_thread_blocked, id=10076, stack(0x00000099cbb00000,0x00000099cbc00000)]
  0x000001e8fc24c8f0 JavaThread "Daemon health stats" [_thread_blocked, id=5820, stack(0x00000099cbe00000,0x00000099cbf00000)]
  0x000001e8fc8c3780 JavaThread "Incoming local TCP Connector on port 61497" [_thread_in_native, id=9800, stack(0x00000099cbf00000,0x00000099cc000000)]
  0x000001e8fc9e2700 JavaThread "Daemon periodic checks" [_thread_blocked, id=2148, stack(0x00000099cc000000,0x00000099cc100000)]
  0x000001e8fc6909f0 JavaThread "Daemon" [_thread_blocked, id=6856, stack(0x00000099cc100000,0x00000099cc200000)]
  0x000001e8fc6912a0 JavaThread "Handler for socket connection from /127.0.0.1:61497 to /127.0.0.1:61498" [_thread_in_native, id=3872, stack(0x00000099cc200000,0x00000099cc300000)]
  0x000001e8fca56d70 JavaThread "Cancel handler" [_thread_blocked, id=9204, stack(0x00000099cc300000,0x00000099cc400000)]
  0x000001e8fca56350 JavaThread "Daemon worker" [_thread_blocked, id=8708, stack(0x00000099cc400000,0x00000099cc500000)]
  0x000001e8fca535c0 JavaThread "Asynchronous log dispatcher for DefaultDaemonConnection: socket connection from /127.0.0.1:61497 to /127.0.0.1:61498" [_thread_blocked, id=9564, stack(0x00000099cc500000,0x00000099cc600000)]
  0x000001e8fca56860 JavaThread "Stdin handler" [_thread_blocked, id=9996, stack(0x00000099cc600000,0x00000099cc700000)]
  0x000001e8fca544f0 JavaThread "Daemon client event forwarder" [_thread_blocked, id=9852, stack(0x00000099cc700000,0x00000099cc800000)]
  0x000001e8fca55e40 JavaThread "Cache worker for journal cache (C:\Users\Chanchal\.gradle\caches\journal-1)" [_thread_blocked, id=2312, stack(0x00000099cc800000,0x00000099cc900000)]
  0x000001e8fca53ad0 JavaThread "File lock request listener" [_thread_in_native, id=6636, stack(0x00000099cc900000,0x00000099cca00000)]
  0x000001e8fca53fe0 JavaThread "Cache worker for file hash cache (C:\Users\Chanchal\.gradle\caches\8.14.3\fileHashes)" [_thread_blocked, id=6944, stack(0x00000099cca00000,0x00000099ccb00000)]
  0x000001e8fca54f10 JavaThread "Cache worker for file hash cache (D:\calculationapp\android\.gradle\8.14.3\fileHashes)" [_thread_blocked, id=2808, stack(0x00000099ccb00000,0x00000099ccc00000)]
  0x000001e8fca55420 JavaThread "Cache worker for Build Output Cleanup Cache (D:\calculationapp\android\.gradle\buildOutputCleanup)" [_thread_blocked, id=3904, stack(0x00000099ccc00000,0x00000099ccd00000)]
  0x000001e8fca55930 JavaThread "File watcher server" daemon [_thread_in_native, id=6364, stack(0x00000099ccd00000,0x00000099cce00000)]
  0x000001e8feab1460 JavaThread "File watcher consumer" daemon [_thread_blocked, id=9040, stack(0x00000099cce00000,0x00000099ccf00000)]
  0x000001e8feab0020 JavaThread "jar transforms" [_thread_blocked, id=8228, stack(0x00000099cd000000,0x00000099cd100000)]
  0x000001e8feab1970 JavaThread "jar transforms Thread 2" [_thread_blocked, id=5744, stack(0x00000099cd100000,0x00000099cd200000)]
  0x000001e8feaaf600 JavaThread "Cache worker for checksums cache (D:\calculationapp\android\.gradle\8.14.3\checksums)" [_thread_blocked, id=6864, stack(0x00000099cd200000,0x00000099cd300000)]
  0x000001e8feab0530 JavaThread "Cache worker for file content cache (C:\Users\Chanchal\.gradle\caches\8.14.3\fileContent)" [_thread_blocked, id=8612, stack(0x00000099cd300000,0x00000099cd400000)]
  0x000001e8feab0f50 JavaThread "Cache worker for cache directory md-supplier (C:\Users\Chanchal\.gradle\caches\8.14.3\md-supplier)" [_thread_blocked, id=8944, stack(0x00000099cd400000,0x00000099cd500000)]
  0x000001e8feab28a0 JavaThread "Cache worker for cache directory md-rule (C:\Users\Chanchal\.gradle\caches\8.14.3\md-rule)" [_thread_blocked, id=7420, stack(0x00000099cd500000,0x00000099cd600000)]
  0x000001e8feaafb10 JavaThread "Cache worker for Build Output Cleanup Cache (D:\calculationapp\node_modules\@react-native\gradle-plugin\.gradle\buildOutputCleanup)" [_thread_blocked, id=8468, stack(0x00000099cd600000,0x00000099cd700000)]
  0x000001e8feab2db0 JavaThread "Unconstrained build operations" [_thread_blocked, id=2616, stack(0x00000099cd700000,0x00000099cd800000)]
  0x000001e8fecc58e0 JavaThread "Unconstrained build operations Thread 2" [_thread_blocked, id=2212, stack(0x00000099cd800000,0x00000099cd900000)]
  0x000001e8fecc3060 JavaThread "Unconstrained build operations Thread 3" [_thread_blocked, id=8532, stack(0x00000099cd900000,0x00000099cda00000)]
  0x000001e8fecc4ec0 JavaThread "Unconstrained build operations Thread 4" [_thread_blocked, id=4792, stack(0x00000099cda00000,0x00000099cdb00000)]
  0x000001e8fecc3f90 JavaThread "Unconstrained build operations Thread 5" [_thread_blocked, id=5976, stack(0x00000099cdb00000,0x00000099cdc00000)]
  0x000001e8fecc7230 JavaThread "Unconstrained build operations Thread 6" [_thread_blocked, id=8372, stack(0x00000099cdc00000,0x00000099cdd00000)]
  0x000001e8fecc44a0 JavaThread "build event listener" [_thread_blocked, id=4176, stack(0x00000099cdd00000,0x00000099cde00000)]
  0x000001e8fecc7740 JavaThread "Memory manager" [_thread_blocked, id=7700, stack(0x00000099cde00000,0x00000099cdf00000)]

Other Threads:
=>0x000001e8f6b448e0 VMThread "VM Thread" [stack: 0x00000099cb000000,0x00000099cb100000] [id=6148]
  0x000001e8d7478c20 WatcherThread [stack: 0x00000099cbc00000,0x00000099cbd00000] [id=6580]
  0x000001e8d733e810 GCTaskThread "GC Thread#0" [stack: 0x00000099cab00000,0x00000099cac00000] [id=376]
  0x000001e8fb1e0470 GCTaskThread "GC Thread#1" [stack: 0x00000099cbd00000,0x00000099cbe00000] [id=4808]
  0x000001e8d74deb20 ConcurrentGCThread "G1 Main Marker" [stack: 0x00000099cac00000,0x00000099cad00000] [id=10168]
  0x000001e8d74dfbf0 ConcurrentGCThread "G1 Conc#0" [stack: 0x00000099cad00000,0x00000099cae00000] [id=9568]
  0x000001e8d752d2a0 ConcurrentGCThread "G1 Refine#0" [stack: 0x00000099cae00000,0x00000099caf00000] [id=7452]
  0x000001e8fb0be8a0 ConcurrentGCThread "G1 Refine#1" [stack: 0x00000099ccf00000,0x00000099cd000000] [id=9504]
  0x000001e8d752dbe0 ConcurrentGCThread "G1 Service" [stack: 0x00000099caf00000,0x00000099cb000000] [id=6632]

Threads with active compile tasks:

VM state: at safepoint (normal execution)

VM Mutex/Monitor currently owned by a thread:  ([mutex/lock_event])
[0x000001e8d7473f00] Threads_lock - owner thread: 0x000001e8f6b448e0
[0x000001e8d7475070] Heap_lock - owner thread: 0x000001e8fca56350

Heap address: 0x0000000080000000, size: 2048 MB, Compressed Oops mode: 32-bit

CDS archive(s) mapped at: [0x000001e880000000-0x000001e880bb0000-0x000001e880bb0000), size 12255232, SharedBaseAddress: 0x000001e880000000, ArchiveRelocationMode: 1.
Compressed class space mapped at: 0x000001e881000000-0x000001e89b000000, reserved size: 436207616
Narrow klass base: 0x000001e880000000, Narrow klass shift: 0, Narrow klass range: 0x100000000

GC Precious Log:
 CPUs: 2 total, 2 available
 Memory: 8092M
 Large Page Support: Disabled
 NUMA Support: Disabled
 Compressed Oops: Enabled (32-bit)
 Heap Region Size: 1M
 Heap Min Capacity: 8M
 Heap Initial Capacity: 128M
 Heap Max Capacity: 2G
 Pre-touch: Disabled
 Parallel Workers: 2
 Concurrent Workers: 1
 Concurrent Refinement Workers: 2
 Periodic GC: Disabled

Heap:
 garbage-first heap   total 129024K, used 66696K [0x0000000080000000, 0x0000000100000000)
  region size 1024K, 1 young (1024K), 1 survivors (1024K)
 Metaspace       used 73247K, committed 74048K, reserved 491520K
  class space    used 10277K, committed 10688K, reserved 425984K

Heap Regions: E=young(eden), S=young(survivor), O=old, HS=humongous(starts), HC=humongous(continues), CS=collection set, F=free, OA=open archive, CA=closed archive, TAMS=top-at-mark-start (previous, next)
|   0|0x0000000080000000, 0x0000000080100000, 0x0000000080100000|100%| O|  |TAMS 0x0000000080100000, 0x0000000080000000| Untracked 
|   1|0x0000000080100000, 0x0000000080100000, 0x0000000080200000|  0%| F|  |TAMS 0x0000000080100000, 0x0000000080100000| Untracked 
|   2|0x0000000080200000, 0x0000000080300000, 0x0000000080300000|100%| O|  |TAMS 0x0000000080300000, 0x0000000080200000| Untracked 
|   3|0x0000000080300000, 0x0000000080400000, 0x0000000080400000|100%| O|  |TAMS 0x0000000080400000, 0x0000000080300000| Untracked 
|   4|0x0000000080400000, 0x0000000080500000, 0x0000000080500000|100%|HS|  |TAMS 0x0000000080500000, 0x0000000080400000| Complete 
|   5|0x0000000080500000, 0x0000000080600000, 0x0000000080600000|100%|HC|  |TAMS 0x0000000080600000, 0x0000000080500000| Complete 
|   6|0x0000000080600000, 0x0000000080700000, 0x0000000080700000|100%|HC|  |TAMS 0x0000000080700000, 0x0000000080600000| Complete 
|   7|0x0000000080700000, 0x0000000080800000, 0x0000000080800000|100%|HS|  |TAMS 0x0000000080800000, 0x0000000080700000| Complete 
|   8|0x0000000080800000, 0x0000000080900000, 0x0000000080900000|100%| O|  |TAMS 0x0000000080900000, 0x0000000080800000| Untracked 
|   9|0x0000000080900000, 0x0000000080a00000, 0x0000000080a00000|100%| O|  |TAMS 0x0000000080a00000, 0x0000000080900000| Untracked 
|  10|0x0000000080a00000, 0x0000000080b00000, 0x0000000080b00000|100%| O|  |TAMS 0x0000000080b00000, 0x0000000080a00000| Untracked 
|  11|0x0000000080b00000, 0x0000000080c00000, 0x0000000080c00000|100%| O|  |TAMS 0x0000000080c00000, 0x0000000080b00000| Untracked 
|  12|0x0000000080c00000, 0x0000000080d00000, 0x0000000080d00000|100%| O|  |TAMS 0x0000000080d00000, 0x0000000080c00000| Untracked 
|  13|0x0000000080d00000, 0x0000000080e00000, 0x0000000080e00000|100%| O|  |TAMS 0x0000000080e00000, 0x0000000080d00000| Untracked 
|  14|0x0000000080e00000, 0x0000000080f00000, 0x0000000080f00000|100%| O|  |TAMS 0x0000000080f00000, 0x0000000080e00000| Untracked 
|  15|0x0000000080f00000, 0x0000000081000000, 0x0000000081000000|100%| O|  |TAMS 0x0000000080f00000, 0x0000000080f00000| Untracked 
|  16|0x0000000081000000, 0x0000000081100000, 0x0000000081100000|100%| O|  |TAMS 0x0000000081100000, 0x0000000081000000| Untracked 
|  17|0x0000000081100000, 0x0000000081200000, 0x0000000081200000|100%| O|  |TAMS 0x0000000081200000, 0x0000000081100000| Untracked 
|  18|0x0000000081200000, 0x0000000081300000, 0x0000000081300000|100%| O|  |TAMS 0x0000000081300000, 0x0000000081200000| Untracked 
|  19|0x0000000081300000, 0x0000000081400000, 0x0000000081400000|100%| O|  |TAMS 0x0000000081400000, 0x0000000081300000| Untracked 
|  20|0x0000000081400000, 0x0000000081500000, 0x0000000081500000|100%| O|  |TAMS 0x0000000081500000, 0x0000000081400000| Untracked 
|  21|0x0000000081500000, 0x0000000081600000, 0x0000000081600000|100%| O|  |TAMS 0x0000000081600000, 0x0000000081500000| Untracked 
|  22|0x0000000081600000, 0x0000000081700000, 0x0000000081700000|100%| O|  |TAMS 0x0000000081700000, 0x0000000081600000| Untracked 
|  23|0x0000000081700000, 0x0000000081800000, 0x0000000081800000|100%| O|  |TAMS 0x0000000081800000, 0x0000000081700000| Untracked 
|  24|0x0000000081800000, 0x0000000081900000, 0x0000000081900000|100%| O|  |TAMS 0x0000000081900000, 0x0000000081800000| Untracked 
|  25|0x0000000081900000, 0x0000000081a00000, 0x0000000081a00000|100%| O|  |TAMS 0x0000000081a00000, 0x0000000081900000| Untracked 
|  26|0x0000000081a00000, 0x0000000081b00000, 0x0000000081b00000|100%| O|  |TAMS 0x0000000081b00000, 0x0000000081a00000| Untracked 
|  27|0x0000000081b00000, 0x0000000081c00000, 0x0000000081c00000|100%| O|  |TAMS 0x0000000081c00000, 0x0000000081b00000| Untracked 
|  28|0x0000000081c00000, 0x0000000081d00000, 0x0000000081d00000|100%| O|  |TAMS 0x0000000081d00000, 0x0000000081c00000| Untracked 
|  29|0x0000000081d00000, 0x0000000081e00000, 0x0000000081e00000|100%| O|  |TAMS 0x0000000081e00000, 0x0000000081d00000| Untracked 
|  30|0x0000000081e00000, 0x0000000081f00000, 0x0000000081f00000|100%| O|  |TAMS 0x0000000081f00000, 0x0000000081e00000| Untracked 
|  31|0x0000000081f00000, 0x0000000082000000, 0x0000000082000000|100%| O|  |TAMS 0x0000000082000000, 0x0000000081f00000| Untracked 
|  32|0x0000000082000000, 0x0000000082100000, 0x0000000082100000|100%| O|  |TAMS 0x0000000082100000, 0x0000000082000000| Untracked 
|  33|0x0000000082100000, 0x0000000082200000, 0x0000000082200000|100%| O|  |TAMS 0x0000000082200000, 0x0000000082100000| Untracked 
|  34|0x0000000082200000, 0x0000000082300000, 0x0000000082300000|100%| O|  |TAMS 0x0000000082300000, 0x0000000082200000| Untracked 
|  35|0x0000000082300000, 0x0000000082400000, 0x0000000082400000|100%| O|  |TAMS 0x0000000082400000, 0x0000000082300000| Untracked 
|  36|0x0000000082400000, 0x0000000082500000, 0x0000000082500000|100%| O|  |TAMS 0x0000000082500000, 0x0000000082400000| Untracked 
|  37|0x0000000082500000, 0x0000000082600000, 0x0000000082600000|100%| O|  |TAMS 0x0000000082600000, 0x0000000082500000| Untracked 
|  38|0x0000000082600000, 0x0000000082700000, 0x0000000082700000|100%| O|  |TAMS 0x0000000082700000, 0x0000000082600000| Untracked 
|  39|0x0000000082700000, 0x0000000082800000, 0x0000000082800000|100%| O|  |TAMS 0x0000000082800000, 0x0000000082700000| Untracked 
|  40|0x0000000082800000, 0x0000000082900000, 0x0000000082900000|100%| O|  |TAMS 0x0000000082900000, 0x0000000082800000| Untracked 
|  41|0x0000000082900000, 0x0000000082a00000, 0x0000000082a00000|100%| O|  |TAMS 0x0000000082a00000, 0x0000000082900000| Untracked 
|  42|0x0000000082a00000, 0x0000000082b00000, 0x0000000082b00000|100%| O|  |TAMS 0x0000000082b00000, 0x0000000082a00000| Untracked 
|  43|0x0000000082b00000, 0x0000000082c00000, 0x0000000082c00000|100%| O|  |TAMS 0x0000000082c00000, 0x0000000082b00000| Untracked 
|  44|0x0000000082c00000, 0x0000000082d00000, 0x0000000082d00000|100%| O|  |TAMS 0x0000000082d00000, 0x0000000082c00000| Untracked 
|  45|0x0000000082d00000, 0x0000000082e00000, 0x0000000082e00000|100%|HS|  |TAMS 0x0000000082e00000, 0x0000000082d00000| Complete 
|  46|0x0000000082e00000, 0x0000000082f00000, 0x0000000082f00000|100%|HC|  |TAMS 0x0000000082f00000, 0x0000000082e00000| Complete 
|  47|0x0000000082f00000, 0x0000000083000000, 0x0000000083000000|100%|HC|  |TAMS 0x0000000083000000, 0x0000000082f00000| Complete 
|  48|0x0000000083000000, 0x0000000083100000, 0x0000000083100000|100%|HS|  |TAMS 0x0000000083100000, 0x0000000083000000| Complete 
|  49|0x0000000083100000, 0x0000000083200000, 0x0000000083200000|100%|HC|  |TAMS 0x0000000083200000, 0x0000000083100000| Complete 
|  50|0x0000000083200000, 0x0000000083300000, 0x0000000083300000|100%|HC|  |TAMS 0x0000000083300000, 0x0000000083200000| Complete 
|  51|0x0000000083300000, 0x0000000083400000, 0x0000000083400000|100%| O|  |TAMS 0x0000000083400000, 0x0000000083300000| Untracked 
|  52|0x0000000083400000, 0x0000000083500000, 0x0000000083500000|100%| O|  |TAMS 0x0000000083500000, 0x0000000083400000| Untracked 
|  53|0x0000000083500000, 0x0000000083600000, 0x0000000083600000|100%| O|  |TAMS 0x0000000083600000, 0x0000000083500000| Untracked 
|  54|0x0000000083600000, 0x0000000083700000, 0x0000000083700000|100%| O|  |TAMS 0x0000000083700000, 0x0000000083600000| Untracked 
|  55|0x0000000083700000, 0x0000000083800000, 0x0000000083800000|100%| O|  |TAMS 0x0000000083800000, 0x0000000083700000| Untracked 
|  56|0x0000000083800000, 0x0000000083900000, 0x0000000083900000|100%| O|  |TAMS 0x0000000083900000, 0x0000000083800000| Untracked 
|  57|0x0000000083900000, 0x0000000083a00000, 0x0000000083a00000|100%| O|  |TAMS 0x0000000083a00000, 0x0000000083900000| Untracked 
|  58|0x0000000083a00000, 0x0000000083b00000, 0x0000000083b00000|100%| O|  |TAMS 0x0000000083b00000, 0x0000000083a00000| Untracked 
|  59|0x0000000083b00000, 0x0000000083c00000, 0x0000000083c00000|100%| O|  |TAMS 0x0000000083c00000, 0x0000000083b00000| Untracked 
|  60|0x0000000083c00000, 0x0000000083d00000, 0x0000000083d00000|100%| O|  |TAMS 0x0000000083d00000, 0x0000000083c00000| Untracked 
|  61|0x0000000083d00000, 0x0000000083e00000, 0x0000000083e00000|100%| O|  |TAMS 0x0000000083d7e400, 0x0000000083d00000| Untracked 
|  62|0x0000000083e00000, 0x0000000083f00000, 0x0000000083f00000|100%| O|  |TAMS 0x0000000083e00000, 0x0000000083e00000| Untracked 
|  63|0x0000000083f00000, 0x0000000084000000, 0x0000000084000000|100%| O|  |TAMS 0x0000000083f00000, 0x0000000083f00000| Untracked 
|  64|0x0000000084000000, 0x0000000084100000, 0x0000000084100000|100%| O|  |TAMS 0x0000000084000000, 0x0000000084000000| Untracked 
|  65|0x0000000084100000, 0x000000008417ba00, 0x0000000084200000| 48%| O|  |TAMS 0x0000000084100000, 0x0000000084100000| Untracked 
|  66|0x0000000084200000, 0x0000000084200000, 0x0000000084300000|  0%| F|  |TAMS 0x0000000084200000, 0x0000000084200000| Untracked 
|  67|0x0000000084300000, 0x0000000084300000, 0x0000000084400000|  0%| F|  |TAMS 0x0000000084300000, 0x0000000084300000| Untracked 
|  68|0x0000000084400000, 0x0000000084400000, 0x0000000084500000|  0%| F|  |TAMS 0x0000000084400000, 0x0000000084400000| Untracked 
|  69|0x0000000084500000, 0x0000000084500000, 0x0000000084600000|  0%| F|  |TAMS 0x0000000084500000, 0x0000000084500000| Untracked 
|  70|0x0000000084600000, 0x0000000084600000, 0x0000000084700000|  0%| F|  |TAMS 0x0000000084600000, 0x0000000084600000| Untracked 
|  71|0x0000000084700000, 0x0000000084700000, 0x0000000084800000|  0%| F|  |TAMS 0x0000000084700000, 0x0000000084700000| Untracked 
|  72|0x0000000084800000, 0x0000000084800000, 0x0000000084900000|  0%| F|  |TAMS 0x0000000084800000, 0x0000000084800000| Untracked 
|  73|0x0000000084900000, 0x0000000084900000, 0x0000000084a00000|  0%| F|  |TAMS 0x0000000084900000, 0x0000000084900000| Untracked 
|  74|0x0000000084a00000, 0x0000000084a00000, 0x0000000084b00000|  0%| F|  |TAMS 0x0000000084a00000, 0x0000000084a00000| Untracked 
|  75|0x0000000084b00000, 0x0000000084b00000, 0x0000000084c00000|  0%| F|  |TAMS 0x0000000084b00000, 0x0000000084b00000| Untracked 
|  76|0x0000000084c00000, 0x0000000084c00000, 0x0000000084d00000|  0%| F|  |TAMS 0x0000000084c00000, 0x0000000084c00000| Untracked 
|  77|0x0000000084d00000, 0x0000000084d00000, 0x0000000084e00000|  0%| F|  |TAMS 0x0000000084d00000, 0x0000000084d00000| Untracked 
|  78|0x0000000084e00000, 0x0000000084e00000, 0x0000000084f00000|  0%| F|  |TAMS 0x0000000084e00000, 0x0000000084e00000| Untracked 
|  79|0x0000000084f00000, 0x0000000084f00000, 0x0000000085000000|  0%| F|  |TAMS 0x0000000084f00000, 0x0000000084f00000| Untracked 
|  80|0x0000000085000000, 0x0000000085000000, 0x0000000085100000|  0%| F|  |TAMS 0x0000000085000000, 0x0000000085000000| Untracked 
|  81|0x0000000085100000, 0x0000000085100000, 0x0000000085200000|  0%| F|  |TAMS 0x0000000085100000, 0x0000000085100000| Untracked 
|  82|0x0000000085200000, 0x0000000085200000, 0x0000000085300000|  0%| F|  |TAMS 0x0000000085200000, 0x0000000085200000| Untracked 
|  83|0x0000000085300000, 0x0000000085300000, 0x0000000085400000|  0%| F|  |TAMS 0x0000000085300000, 0x0000000085300000| Untracked 
|  84|0x0000000085400000, 0x0000000085400000, 0x0000000085500000|  0%| F|  |TAMS 0x0000000085400000, 0x0000000085400000| Untracked 
|  85|0x0000000085500000, 0x0000000085500000, 0x0000000085600000|  0%| F|  |TAMS 0x0000000085500000, 0x0000000085500000| Untracked 
|  86|0x0000000085600000, 0x0000000085600000, 0x0000000085700000|  0%| F|  |TAMS 0x0000000085600000, 0x0000000085600000| Untracked 
|  87|0x0000000085700000, 0x0000000085700000, 0x0000000085800000|  0%| F|  |TAMS 0x0000000085700000, 0x0000000085700000| Untracked 
|  88|0x0000000085800000, 0x0000000085800000, 0x0000000085900000|  0%| F|  |TAMS 0x0000000085800000, 0x0000000085800000| Untracked 
|  89|0x0000000085900000, 0x0000000085900000, 0x0000000085a00000|  0%| F|  |TAMS 0x0000000085900000, 0x0000000085900000| Untracked 
|  90|0x0000000085a00000, 0x0000000085a00000, 0x0000000085b00000|  0%| F|  |TAMS 0x0000000085a00000, 0x0000000085a00000| Untracked 
|  91|0x0000000085b00000, 0x0000000085b00000, 0x0000000085c00000|  0%| F|  |TAMS 0x0000000085b00000, 0x0000000085b00000| Untracked 
|  92|0x0000000085c00000, 0x0000000085c00000, 0x0000000085d00000|  0%| F|  |TAMS 0x0000000085c00000, 0x0000000085c00000| Untracked 
|  93|0x0000000085d00000, 0x0000000085d00000, 0x0000000085e00000|  0%| F|  |TAMS 0x0000000085d00000, 0x0000000085d00000| Untracked 
|  94|0x0000000085e00000, 0x0000000085e00000, 0x0000000085f00000|  0%| F|  |TAMS 0x0000000085e00000, 0x0000000085e00000| Untracked 
|  95|0x0000000085f00000, 0x0000000085f00000, 0x0000000086000000|  0%| F|  |TAMS 0x0000000085f00000, 0x0000000085f00000| Untracked 
|  96|0x0000000086000000, 0x0000000086000000, 0x0000000086100000|  0%| F|  |TAMS 0x0000000086000000, 0x0000000086000000| Untracked 
|  97|0x0000000086100000, 0x0000000086100000, 0x0000000086200000|  0%| F|  |TAMS 0x0000000086100000, 0x0000000086100000| Untracked 
|  98|0x0000000086200000, 0x0000000086200000, 0x0000000086300000|  0%| F|  |TAMS 0x0000000086200000, 0x0000000086200000| Untracked 
|  99|0x0000000086300000, 0x0000000086300000, 0x0000000086400000|  0%| F|  |TAMS 0x0000000086300000, 0x0000000086300000| Untracked 
| 100|0x0000000086400000, 0x0000000086400000, 0x0000000086500000|  0%| F|  |TAMS 0x0000000086400000, 0x0000000086400000| Untracked 
| 101|0x0000000086500000, 0x0000000086500000, 0x0000000086600000|  0%| F|  |TAMS 0x0000000086500000, 0x0000000086500000| Untracked 
| 102|0x0000000086600000, 0x0000000086600000, 0x0000000086700000|  0%| F|  |TAMS 0x0000000086600000, 0x0000000086600000| Untracked 
| 103|0x0000000086700000, 0x0000000086700000, 0x0000000086800000|  0%| F|  |TAMS 0x0000000086700000, 0x0000000086700000| Untracked 
| 104|0x0000000086800000, 0x0000000086800000, 0x0000000086900000|  0%| F|  |TAMS 0x0000000086800000, 0x0000000086800000| Untracked 
| 105|0x0000000086900000, 0x0000000086900000, 0x0000000086a00000|  0%| F|  |TAMS 0x0000000086900000, 0x0000000086900000| Untracked 
| 106|0x0000000086a00000, 0x0000000086a00000, 0x0000000086b00000|  0%| F|  |TAMS 0x0000000086a00000, 0x0000000086a00000| Untracked 
| 107|0x0000000086b00000, 0x0000000086b00000, 0x0000000086c00000|  0%| F|  |TAMS 0x0000000086b00000, 0x0000000086b00000| Untracked 
| 108|0x0000000086c00000, 0x0000000086c00000, 0x0000000086d00000|  0%| F|  |TAMS 0x0000000086c00000, 0x0000000086c00000| Untracked 
| 109|0x0000000086d00000, 0x0000000086d00000, 0x0000000086e00000|  0%| F|  |TAMS 0x0000000086d00000, 0x0000000086d00000| Untracked 
| 110|0x0000000086e00000, 0x0000000086e00000, 0x0000000086f00000|  0%| F|  |TAMS 0x0000000086e00000, 0x0000000086e00000| Untracked 
| 111|0x0000000086f00000, 0x0000000086f00000, 0x0000000087000000|  0%| F|  |TAMS 0x0000000086f00000, 0x0000000086f00000| Untracked 
| 112|0x0000000087000000, 0x0000000087000000, 0x0000000087100000|  0%| F|  |TAMS 0x0000000087000000, 0x0000000087000000| Untracked 
| 113|0x0000000087100000, 0x0000000087100000, 0x0000000087200000|  0%| F|  |TAMS 0x0000000087100000, 0x0000000087100000| Untracked 
| 114|0x0000000087200000, 0x0000000087200000, 0x0000000087300000|  0%| F|  |TAMS 0x0000000087200000, 0x0000000087200000| Untracked 
| 115|0x0000000087300000, 0x0000000087300000, 0x0000000087400000|  0%| F|  |TAMS 0x0000000087300000, 0x0000000087300000| Untracked 
| 116|0x0000000087400000, 0x0000000087400000, 0x0000000087500000|  0%| F|  |TAMS 0x0000000087400000, 0x0000000087400000| Untracked 
| 117|0x0000000087500000, 0x0000000087500000, 0x0000000087600000|  0%| F|  |TAMS 0x0000000087500000, 0x0000000087500000| Untracked 
| 118|0x0000000087600000, 0x0000000087600000, 0x0000000087700000|  0%| F|  |TAMS 0x0000000087600000, 0x0000000087600000| Untracked 
| 119|0x0000000087700000, 0x0000000087700000, 0x0000000087800000|  0%| F|  |TAMS 0x0000000087700000, 0x0000000087700000| Untracked 
| 120|0x0000000087800000, 0x0000000087800000, 0x0000000087900000|  0%| F|  |TAMS 0x0000000087800000, 0x0000000087800000| Untracked 
| 121|0x0000000087900000, 0x0000000087900000, 0x0000000087a00000|  0%| F|  |TAMS 0x0000000087900000, 0x0000000087900000| Untracked 
| 122|0x0000000087a00000, 0x0000000087a00000, 0x0000000087b00000|  0%| F|  |TAMS 0x0000000087a00000, 0x0000000087a00000| Untracked 
| 123|0x0000000087b00000, 0x0000000087b00000, 0x0000000087c00000|  0%| F|  |TAMS 0x0000000087b00000, 0x0000000087b00000| Untracked 
| 124|0x0000000087c00000, 0x0000000087ca6600, 0x0000000087d00000| 64%| S|CS|TAMS 0x0000000087c00000, 0x0000000087c00000| Complete 
| 125|0x0000000087d00000, 0x0000000087d00000, 0x0000000087e00000|  0%| F|  |TAMS 0x0000000087d00000, 0x0000000087d00000| Untracked 

Card table byte_map: [0x000001e8eff70000,0x000001e8f0370000] _byte_map_base: 0x000001e8efb70000

Marking Bits (Prev, Next): (CMBitMap*) 0x000001e8d74cd460, (CMBitMap*) 0x000001e8d74cd420
 Prev Bits: [0x000001e8f2770000, 0x000001e8f4770000)
 Next Bits: [0x000001e8f0770000, 0x000001e8f2770000)

Polling page: 0x000001e8d7530000

Metaspace:

Usage:
  Non-class:     61.49 MB used.
      Class:     10.04 MB used.
       Both:     71.53 MB used.

Virtual space:
  Non-class space:       64.00 MB reserved,      61.88 MB ( 97%) committed,  1 nodes.
      Class space:      416.00 MB reserved,      10.44 MB (  3%) committed,  1 nodes.
             Both:      480.00 MB reserved,      72.31 MB ( 15%) committed. 

Chunk freelists:
   Non-Class:  1.50 MB
       Class:  5.42 MB
        Both:  6.92 MB

MaxMetaspaceSize: 512.00 MB
CompressedClassSpaceSize: 416.00 MB
Initial GC threshold: 21.00 MB
Current GC threshold: 118.06 MB
CDS: on
MetaspaceReclaimPolicy: balanced
 - commit_granule_bytes: 65536.
 - commit_granule_words: 8192.
 - virtual_space_node_default_size: 8388608.
 - enlarge_chunks_in_place: 1.
 - new_chunks_are_fully_committed: 0.
 - uncommit_free_chunks: 1.
 - use_allocation_guard: 0.
 - handle_deallocations: 1.


Internal statistics:

num_allocs_failed_limit: 9.
num_arena_births: 1106.
num_arena_deaths: 2.
num_vsnodes_births: 2.
num_vsnodes_deaths: 0.
num_space_committed: 1157.
num_space_uncommitted: 0.
num_chunks_returned_to_freelist: 15.
num_chunks_taken_from_freelist: 4310.
num_chunk_merges: 9.
num_chunk_splits: 2762.
num_chunks_enlarged: 1774.
num_inconsistent_stats: 0.

CodeHeap 'non-profiled nmethods': size=120064Kb used=4217Kb max_used=4756Kb free=115846Kb
 bounds [0x000001e8e8230000, 0x000001e8e86e0000, 0x000001e8ef770000]
CodeHeap 'profiled nmethods': size=120000Kb used=14625Kb max_used=16871Kb free=105374Kb
 bounds [0x000001e8e0770000, 0x000001e8e17f0000, 0x000001e8e7ca0000]
CodeHeap 'non-nmethods': size=5696Kb used=2386Kb max_used=2439Kb free=3310Kb
 bounds [0x000001e8e7ca0000, 0x000001e8e7f10000, 0x000001e8e8230000]
 total_blobs=8981 nmethods=8059 adapters=835
 compilation: enabled
              stopped_count=0, restarted_count=0
 full_count=0

Compilation events (20 events):
Event: 20.732 Thread 0x000001e8f6b64e00 9831       4       java.util.ArrayDeque::pollLast (36 bytes)
Event: 20.733 Thread 0x000001e8f6b64e00 nmethod 9831 0x000001e8e83cdd10 code [0x000001e8e83cde80, 0x000001e8e83cdf98]
Event: 20.733 Thread 0x000001e8f6b64e00 9833       4       java.nio.ByteBuffer::<init> (47 bytes)
Event: 20.734 Thread 0x000001e8f6b69c00 9861       3       com.google.common.cache.LocalCache$Segment::expand (283 bytes)
Event: 20.735 Thread 0x000001e8f6b64e00 nmethod 9833 0x000001e8e83ca690 code [0x000001e8e83ca820, 0x000001e8e83caaf8]
Event: 20.735 Thread 0x000001e8f6b64e00 9835       4       com.google.common.collect.ImmutableMap::entrySet (5 bytes)
Event: 20.736 Thread 0x000001e8f6b64e00 nmethod 9835 0x000001e8e8299310 code [0x000001e8e8299480, 0x000001e8e8299518]
Event: 20.737 Thread 0x000001e8f6b64e00 9862       4       java.lang.StringLatin1::lastIndexOf (125 bytes)
Event: 20.738 Thread 0x000001e8f6b69c00 nmethod 9861 0x000001e8e1115090 code [0x000001e8e1115960, 0x000001e8e111b128]
Event: 20.739 Thread 0x000001e8f6b69c00 9863   !   3       org.gradle.internal.instantiation.generator.DefaultInstantiatorFactory$ManagedTypeFactory::fromState (61 bytes)
Event: 20.740 Thread 0x000001e8f6b64e00 nmethod 9862 0x000001e8e8319090 code [0x000001e8e8319220, 0x000001e8e83194b8]
Event: 20.740 Thread 0x000001e8f6b69c00 nmethod 9863 0x000001e8e08c7410 code [0x000001e8e08c76a0, 0x000001e8e08c8468]
Event: 20.740 Thread 0x000001e8f6b69c00 9864       3       org.gradle.internal.instantiation.generator.DefaultInstantiationScheme$DefaultDeserializationInstantiator::serializationConstructorFor (22 bytes)
Event: 20.741 Thread 0x000001e8f6b69c00 nmethod 9864 0x000001e8e07a4e90 code [0x000001e8e07a50a0, 0x000001e8e07a58f8]
Event: 20.741 Thread 0x000001e8f6b69c00 9866       3       java.lang.Long::compareTo (9 bytes)
Event: 20.741 Thread 0x000001e8f6b69c00 nmethod 9866 0x000001e8e07a0390 code [0x000001e8e07a0560, 0x000001e8e07a0938]
Event: 20.741 Thread 0x000001e8f6b69c00 9865       3       org.gradle.internal.instantiation.generator.DefaultInstantiationScheme$DefaultDeserializationInstantiator$$Lambda$1135/0x000001e88174d9f8::<init> (20 bytes)
Event: 20.741 Thread 0x000001e8f6b69c00 nmethod 9865 0x000001e8e08f6b10 code [0x000001e8e08f6cc0, 0x000001e8e08f6f38]
Event: 20.743 Thread 0x000001e8f6b64e00 9867       4       java.io.ObjectOutputStream$BlockDataOutputStream::drain (45 bytes)
Event: 20.754 Thread 0x000001e8f6b64e00 nmethod 9867 0x000001e8e85f8110 code [0x000001e8e85f82e0, 0x000001e8e85f8d38]

GC Heap History (20 events):
Event: 11.716 GC heap after
{Heap after GC invocations=16 (full 0):
 garbage-first heap   total 107520K, used 45021K [0x0000000080000000, 0x0000000100000000)
  region size 1024K, 6 young (6144K), 6 survivors (6144K)
 Metaspace       used 53752K, committed 54336K, reserved 491520K
  class space    used 7502K, committed 7808K, reserved 425984K
}
Event: 12.441 GC heap before
{Heap before GC invocations=16 (full 0):
 garbage-first heap   total 107520K, used 87005K [0x0000000080000000, 0x0000000100000000)
  region size 1024K, 47 young (48128K), 6 survivors (6144K)
 Metaspace       used 58365K, committed 59008K, reserved 491520K
  class space    used 8161K, committed 8448K, reserved 425984K
}
Event: 12.456 GC heap after
{Heap after GC invocations=17 (full 0):
 garbage-first heap   total 107520K, used 47243K [0x0000000080000000, 0x0000000100000000)
  region size 1024K, 5 young (5120K), 5 survivors (5120K)
 Metaspace       used 58365K, committed 59008K, reserved 491520K
  class space    used 8161K, committed 8448K, reserved 425984K
}
Event: 12.698 GC heap before
{Heap before GC invocations=17 (full 0):
 garbage-first heap   total 107520K, used 60555K [0x0000000080000000, 0x0000000100000000)
  region size 1024K, 19 young (19456K), 5 survivors (5120K)
 Metaspace       used 59505K, committed 60096K, reserved 491520K
  class space    used 8367K, committed 8640K, reserved 425984K
}
Event: 12.707 GC heap after
{Heap after GC invocations=18 (full 0):
 garbage-first heap   total 129024K, used 47756K [0x0000000080000000, 0x0000000100000000)
  region size 1024K, 3 young (3072K), 3 survivors (3072K)
 Metaspace       used 59505K, committed 60096K, reserved 491520K
  class space    used 8367K, committed 8640K, reserved 425984K
}
Event: 15.864 GC heap before
{Heap before GC invocations=19 (full 0):
 garbage-first heap   total 129024K, used 107148K [0x0000000080000000, 0x0000000100000000)
  region size 1024K, 56 young (57344K), 3 survivors (3072K)
 Metaspace       used 62031K, committed 62720K, reserved 491520K
  class space    used 8704K, committed 9024K, reserved 425984K
}
Event: 15.879 GC heap after
{Heap after GC invocations=20 (full 0):
 garbage-first heap   total 129024K, used 59363K [0x0000000080000000, 0x0000000100000000)
  region size 1024K, 7 young (7168K), 7 survivors (7168K)
 Metaspace       used 62031K, committed 62720K, reserved 491520K
  class space    used 8704K, committed 9024K, reserved 425984K
}
Event: 15.899 GC heap before
{Heap before GC invocations=20 (full 0):
 garbage-first heap   total 129024K, used 60387K [0x0000000080000000, 0x0000000100000000)
  region size 1024K, 8 young (8192K), 7 survivors (7168K)
 Metaspace       used 62075K, committed 62720K, reserved 491520K
  class space    used 8710K, committed 9024K, reserved 425984K
}
Event: 15.909 GC heap after
{Heap after GC invocations=21 (full 0):
 garbage-first heap   total 129024K, used 60202K [0x0000000080000000, 0x0000000100000000)
  region size 1024K, 1 young (1024K), 1 survivors (1024K)
 Metaspace       used 62075K, committed 62720K, reserved 491520K
  class space    used 8710K, committed 9024K, reserved 425984K
}
Event: 17.306 GC heap before
{Heap before GC invocations=21 (full 0):
 garbage-first heap   total 129024K, used 104234K [0x0000000080000000, 0x0000000100000000)
  region size 1024K, 44 young (45056K), 1 survivors (1024K)
 Metaspace       used 66052K, committed 66752K, reserved 491520K
  class space    used 9227K, committed 9536K, reserved 425984K
}
Event: 17.312 GC heap after
{Heap after GC invocations=22 (full 0):
 garbage-first heap   total 129024K, used 61378K [0x0000000080000000, 0x0000000100000000)
  region size 1024K, 3 young (3072K), 3 survivors (3072K)
 Metaspace       used 66052K, committed 66752K, reserved 491520K
  class space    used 9227K, committed 9536K, reserved 425984K
}
Event: 18.088 GC heap before
{Heap before GC invocations=23 (full 0):
 garbage-first heap   total 129024K, used 104386K [0x0000000080000000, 0x0000000100000000)
  region size 1024K, 45 young (46080K), 3 survivors (3072K)
 Metaspace       used 69443K, committed 70208K, reserved 491520K
  class space    used 9750K, committed 10112K, reserved 425984K
}
Event: 18.095 GC heap after
{Heap after GC invocations=24 (full 0):
 garbage-first heap   total 129024K, used 62628K [0x0000000080000000, 0x0000000100000000)
  region size 1024K, 4 young (4096K), 4 survivors (4096K)
 Metaspace       used 69443K, committed 70208K, reserved 491520K
  class space    used 9750K, committed 10112K, reserved 425984K
}
Event: 18.129 GC heap before
{Heap before GC invocations=24 (full 0):
 garbage-first heap   total 129024K, used 63652K [0x0000000080000000, 0x0000000100000000)
  region size 1024K, 6 young (6144K), 4 survivors (4096K)
 Metaspace       used 69571K, committed 70336K, reserved 491520K
  class space    used 9765K, committed 10112K, reserved 425984K
}
Event: 18.141 GC heap after
{Heap after GC invocations=25 (full 0):
 garbage-first heap   total 129024K, used 62525K [0x0000000080000000, 0x0000000100000000)
  region size 1024K, 1 young (1024K), 1 survivors (1024K)
 Metaspace       used 69571K, committed 70336K, reserved 491520K
  class space    used 9765K, committed 10112K, reserved 425984K
}
Event: 19.039 GC heap before
{Heap before GC invocations=25 (full 0):
 garbage-first heap   total 129024K, used 105533K [0x0000000080000000, 0x0000000100000000)
  region size 1024K, 43 young (44032K), 1 survivors (1024K)
 Metaspace       used 71793K, committed 72512K, reserved 491520K
  class space    used 10099K, committed 10432K, reserved 425984K
}
Event: 19.045 GC heap after
{Heap after GC invocations=26 (full 0):
 garbage-first heap   total 129024K, used 63956K [0x0000000080000000, 0x0000000100000000)
  region size 1024K, 2 young (2048K), 2 survivors (2048K)
 Metaspace       used 71793K, committed 72512K, reserved 491520K
  class space    used 10099K, committed 10432K, reserved 425984K
}
Event: 20.706 GC heap before
{Heap before GC invocations=27 (full 0):
 garbage-first heap   total 129024K, used 106964K [0x0000000080000000, 0x0000000100000000)
  region size 1024K, 44 young (45056K), 2 survivors (2048K)
 Metaspace       used 73175K, committed 73984K, reserved 491520K
  class space    used 10270K, committed 10688K, reserved 425984K
}
Event: 20.722 GC heap after
{Heap after GC invocations=28 (full 0):
 garbage-first heap   total 129024K, used 66186K [0x0000000080000000, 0x0000000100000000)
  region size 1024K, 5 young (5120K), 5 survivors (5120K)
 Metaspace       used 73175K, committed 73984K, reserved 491520K
  class space    used 10270K, committed 10688K, reserved 425984K
}
Event: 20.757 GC heap before
{Heap before GC invocations=28 (full 0):
 garbage-first heap   total 129024K, used 66186K [0x0000000080000000, 0x0000000100000000)
  region size 1024K, 6 young (6144K), 5 survivors (5120K)
 Metaspace       used 73247K, committed 74048K, reserved 491520K
  class space    used 10277K, committed 10688K, reserved 425984K
}

Dll operation events (15 events):
Event: 0.006 Loaded shared library C:\Program Files\Microsoft\jdk-17.0.10.7-hotspot\bin\java.dll
Event: 0.025 Loaded shared library C:\Program Files\Microsoft\jdk-17.0.10.7-hotspot\bin\jsvml.dll
Event: 0.084 Loaded shared library C:\Program Files\Microsoft\jdk-17.0.10.7-hotspot\bin\zip.dll
Event: 0.086 Loaded shared library C:\Program Files\Microsoft\jdk-17.0.10.7-hotspot\bin\instrument.dll
Event: 0.090 Loaded shared library C:\Program Files\Microsoft\jdk-17.0.10.7-hotspot\bin\net.dll
Event: 0.092 Loaded shared library C:\Program Files\Microsoft\jdk-17.0.10.7-hotspot\bin\nio.dll
Event: 0.095 Loaded shared library C:\Program Files\Microsoft\jdk-17.0.10.7-hotspot\bin\zip.dll
Event: 0.567 Loaded shared library C:\Program Files\Microsoft\jdk-17.0.10.7-hotspot\bin\jimage.dll
Event: 0.810 Loaded shared library C:\Program Files\Microsoft\jdk-17.0.10.7-hotspot\bin\verify.dll
Event: 0.953 Loaded shared library C:\Users\Chanchal\.gradle\native\1def1411415f61bf3af743bc5b6707747c0891f09f0c88961ee8f79bc544acac\windows-amd64\native-platform.dll
Event: 0.965 Loaded shared library C:\Users\Chanchal\.gradle\native\0.2.7\x86_64-windows-gnu\gradle-fileevents.dll
Event: 2.414 Loaded shared library C:\Program Files\Microsoft\jdk-17.0.10.7-hotspot\bin\management.dll
Event: 2.416 Loaded shared library C:\Program Files\Microsoft\jdk-17.0.10.7-hotspot\bin\management_ext.dll
Event: 2.606 Loaded shared library C:\Program Files\Microsoft\jdk-17.0.10.7-hotspot\bin\extnet.dll
Event: 2.824 Loaded shared library C:\Program Files\Microsoft\jdk-17.0.10.7-hotspot\bin\sunmscapi.dll

Deoptimization events (20 events):
Event: 19.487 Thread 0x000001e8fca56350 DEOPT PACKING pc=0x000001e8e865e408 sp=0x00000099cc4f62d0
Event: 19.487 Thread 0x000001e8fca56350 DEOPT UNPACKING pc=0x000001e8e7cf699d sp=0x00000099cc4f6278 mode 2
Event: 19.779 Thread 0x000001e8fca56350 Uncommon trap: trap_request=0xffffffd6 fr.pc=0x000001e8e865e408 relative=0x00000000000009a8
Event: 19.779 Thread 0x000001e8fca56350 Uncommon trap: reason=array_check action=maybe_recompile pc=0x000001e8e865e408 method=java.util.TimSort.binarySort([Ljava/lang/Object;IIILjava/util/Comparator;)V @ 183 c2
Event: 19.779 Thread 0x000001e8fca56350 DEOPT PACKING pc=0x000001e8e865e408 sp=0x00000099cc4f60f0
Event: 19.779 Thread 0x000001e8fca56350 DEOPT UNPACKING pc=0x000001e8e7cf699d sp=0x00000099cc4f6098 mode 2
Event: 19.881 Thread 0x000001e8fca544f0 Uncommon trap: trap_request=0xffffff45 fr.pc=0x000001e8e85662d4 relative=0x0000000000000594
Event: 19.881 Thread 0x000001e8fca544f0 Uncommon trap: reason=unstable_if action=reinterpret pc=0x000001e8e85662d4 method=com.esotericsoftware.kryo.io.Output.writeBytes([BII)V @ 61 c2
Event: 19.881 Thread 0x000001e8fca544f0 DEOPT PACKING pc=0x000001e8e85662d4 sp=0x00000099cc7fda50
Event: 19.881 Thread 0x000001e8fca544f0 DEOPT UNPACKING pc=0x000001e8e7cf699d sp=0x00000099cc7fd8d8 mode 2
Event: 20.030 Thread 0x000001e8fca56350 Uncommon trap: trap_request=0xffffffd6 fr.pc=0x000001e8e865e408 relative=0x00000000000009a8
Event: 20.030 Thread 0x000001e8fca56350 Uncommon trap: reason=array_check action=maybe_recompile pc=0x000001e8e865e408 method=java.util.TimSort.binarySort([Ljava/lang/Object;IIILjava/util/Comparator;)V @ 183 c2
Event: 20.030 Thread 0x000001e8fca56350 DEOPT PACKING pc=0x000001e8e865e408 sp=0x00000099cc4f62d0
Event: 20.030 Thread 0x000001e8fca56350 DEOPT UNPACKING pc=0x000001e8e7cf699d sp=0x00000099cc4f6278 mode 2
Event: 20.036 Thread 0x000001e8fca56350 DEOPT PACKING pc=0x000001e8e0839fb3 sp=0x00000099cc4f63a0
Event: 20.036 Thread 0x000001e8fca56350 DEOPT UNPACKING pc=0x000001e8e7cf7124 sp=0x00000099cc4f58d8 mode 0
Event: 20.070 Thread 0x000001e8fca56350 DEOPT PACKING pc=0x000001e8e15c6185 sp=0x00000099cc4f51b0
Event: 20.070 Thread 0x000001e8fca56350 DEOPT UNPACKING pc=0x000001e8e7cf7124 sp=0x00000099cc4f4700 mode 0
Event: 20.074 Thread 0x000001e8fca56350 DEOPT PACKING pc=0x000001e8e0b4f066 sp=0x00000099cc4f5350
Event: 20.074 Thread 0x000001e8fca56350 DEOPT UNPACKING pc=0x000001e8e7cf7124 sp=0x00000099cc4f4818 mode 0

Classes unloaded (5 events):
Event: 12.774 Thread 0x000001e8f6b448e0 Unloading class 0x000001e881544000 '_BuildScript_$_run_closure1$_closure2'
Event: 12.774 Thread 0x000001e8f6b448e0 Unloading class 0x000001e88153ca98 '_BuildScript_$_run_closure1'
Event: 12.774 Thread 0x000001e8f6b448e0 Unloading class 0x000001e88153c568 '_BuildScript_'
Event: 12.774 Thread 0x000001e8f6b448e0 Unloading class 0x000001e88153c2b0 'GradleAnnotationProcessorPatchPlugin$AnnotationProcessorModelBuilder'
Event: 12.774 Thread 0x000001e8f6b448e0 Unloading class 0x000001e88153c000 'GradleAnnotationProcessorPatchPlugin'

Classes redefined (0 events):
No events

Internal exceptions (20 events):
Event: 16.041 Thread 0x000001e8fca56350 Exception <a 'java/lang/NoSuchMethodError'{0x0000000087565358}: static Lorg/jetbrains/kotlin/gradle/plugin/internal/DefaultJavaExecTaskParametersCompatibility$Factory;.<clinit>()V> (0x0000000087565358) 
thrown [s\src\hotspot\share\prims\jni.cpp, line 1107]
Event: 16.044 Thread 0x000001e8fca56350 Exception <a 'java/lang/NoSuchMethodError'{0x000000008759ca50}: static Lorg/jetbrains/kotlin/gradle/plugin/internal/DefaultMavenPublicationComponentAccessorFactory;.<clinit>()V> (0x000000008759ca50) 
thrown [s\src\hotspot\share\prims\jni.cpp, line 1107]
Event: 16.046 Thread 0x000001e8fca56350 Exception <a 'java/lang/NoSuchMethodError'{0x00000000875d02f8}: static Lorg/jetbrains/kotlin/gradle/plugin/internal/DefaultCompatibilityConventionRegistrar$Factory;.<clinit>()V> (0x00000000875d02f8) 
thrown [s\src\hotspot\share\prims\jni.cpp, line 1107]
Event: 16.049 Thread 0x000001e8fca56350 Exception <a 'java/lang/NoSuchMethodError'{0x00000000875f4ed0}: static Lorg/jetbrains/kotlin/gradle/plugin/internal/DefaultConfigurationCacheStartParameterAccessorVariantFactory;.<clinit>()V> (0x00000000875f4ed0) 
thrown [s\src\hotspot\share\prims\jni.cpp, line 1107]
Event: 16.256 Thread 0x000001e8fca56350 Exception <a 'java/lang/IncompatibleClassChangeError'{0x00000000873a19d8}: Found class java.lang.Object, but interface was expected> (0x00000000873a19d8) 
thrown [s\src\hotspot\share\interpreter\linkResolver.cpp, line 826]
Event: 16.448 Thread 0x000001e8fca56350 Exception <a 'java/lang/NoSuchMethodError'{0x0000000086b7b338}: static Ljava/lang/Object;.<clinit>()V> (0x0000000086b7b338) 
thrown [s\src\hotspot\share\prims\jni.cpp, line 1107]
Event: 16.464 Thread 0x000001e8fca56350 Exception <a 'java/lang/NoSuchMethodError'{0x0000000086a4fd00}: static Lorg/jetbrains/kotlin/gradle/plugin/statistics/MetricContainer;.<clinit>()V> (0x0000000086a4fd00) 
thrown [s\src\hotspot\share\prims\jni.cpp, line 1107]
Event: 18.008 Thread 0x000001e8fca56350 Exception <a 'java/lang/NoSuchMethodError'{0x000000008574d7f8}: 'int java.lang.invoke.DirectMethodHandle$Holder.invokeStatic(java.lang.Object, java.lang.Object, int)'> (0x000000008574d7f8) 
thrown [s\src\hotspot\share\interpreter\linkResolver.cpp, line 759]
Event: 18.696 Thread 0x000001e8fca56350 Exception <a 'java/lang/ClassNotFoundException'{0x00000000864d6a98}: org/jetbrains/kotlin/gradle/targets/js/npm/DefaultNpmDependencyExtensionBeanInfo> (0x00000000864d6a98) 
thrown [s\src\hotspot\share\classfile\systemDictionary.cpp, line 256]
Event: 18.697 Thread 0x000001e8fca56350 Exception <a 'java/lang/ClassNotFoundException'{0x00000000864eb618}: org/jetbrains/kotlin/gradle/targets/js/npm/DefaultNpmDependencyExtensionCustomizer> (0x00000000864eb618) 
thrown [s\src\hotspot\share\classfile\systemDictionary.cpp, line 256]
Event: 18.712 Thread 0x000001e8fca56350 Exception <a 'java/lang/ClassNotFoundException'{0x00000000863a2600}: org/jetbrains/kotlin/gradle/targets/js/npm/NpmDependencyExtensionKt$defaultNpmDependencyDelegate$1BeanInfo> (0x00000000863a2600) 
thrown [s\src\hotspot\share\classfile\systemDictionary.cpp, line 256]
Event: 18.712 Thread 0x000001e8fca56350 Exception <a 'java/lang/ClassNotFoundException'{0x00000000863b71b0}: org/jetbrains/kotlin/gradle/targets/js/npm/NpmDependencyExtensionDelegateBeanInfo> (0x00000000863b71b0) 
thrown [s\src\hotspot\share\classfile\systemDictionary.cpp, line 256]
Event: 18.713 Thread 0x000001e8fca56350 Exception <a 'java/lang/ClassNotFoundException'{0x00000000863cbd90}: org/jetbrains/kotlin/gradle/targets/js/npm/NpmDependencyExtensionDelegateCustomizer> (0x00000000863cbd90) 
thrown [s\src\hotspot\share\classfile\systemDictionary.cpp, line 256]
Event: 18.715 Thread 0x000001e8fca56350 Exception <a 'java/lang/ClassNotFoundException'{0x00000000862077e8}: org/jetbrains/kotlin/gradle/targets/js/npm/NpmDependencyExtensionKt$defaultNpmDependencyDelegate$1Customizer> (0x00000000862077e8) 
thrown [s\src\hotspot\share\classfile\systemDictionary.cpp, line 256]
Event: 18.719 Thread 0x000001e8fca56350 Exception <a 'java/lang/ClassNotFoundException'{0x000000008625abb0}: org/jetbrains/kotlin/gradle/targets/js/npm/DefaultDevNpmDependencyExtensionBeanInfo> (0x000000008625abb0) 
thrown [s\src\hotspot\share\classfile\systemDictionary.cpp, line 256]
Event: 18.720 Thread 0x000001e8fca56350 Exception <a 'java/lang/ClassNotFoundException'{0x000000008626f798}: org/jetbrains/kotlin/gradle/targets/js/npm/DefaultDevNpmDependencyExtensionCustomizer> (0x000000008626f798) 
thrown [s\src\hotspot\share\classfile\systemDictionary.cpp, line 256]
Event: 18.728 Thread 0x000001e8fca56350 Exception <a 'java/lang/ClassNotFoundException'{0x00000000862cb9d0}: org/jetbrains/kotlin/gradle/targets/js/npm/DefaultPeerNpmDependencyExtensionBeanInfo> (0x00000000862cb9d0) 
thrown [s\src\hotspot\share\classfile\systemDictionary.cpp, line 256]
Event: 18.728 Thread 0x000001e8fca56350 Exception <a 'java/lang/ClassNotFoundException'{0x00000000862e05c8}: org/jetbrains/kotlin/gradle/targets/js/npm/DefaultPeerNpmDependencyExtensionCustomizer> (0x00000000862e05c8) 
thrown [s\src\hotspot\share\classfile\systemDictionary.cpp, line 256]
Event: 18.735 Thread 0x000001e8fca56350 Exception <a 'java/lang/ClassNotFoundException'{0x0000000086149dd8}: org/jetbrains/kotlin/gradle/targets/js/npm/DefaultPeerNpmDependencyExtension$delegate$1BeanInfo> (0x0000000086149dd8) 
thrown [s\src\hotspot\share\classfile\systemDictionary.cpp, line 256]
Event: 18.736 Thread 0x000001e8fca56350 Exception <a 'java/lang/ClassNotFoundException'{0x000000008615ebd8}: org/jetbrains/kotlin/gradle/targets/js/npm/DefaultPeerNpmDependencyExtension$delegate$1Customizer> (0x000000008615ebd8) 
thrown [s\src\hotspot\share\classfile\systemDictionary.cpp, line 256]

VM Operations (20 events):
Event: 19.143 Executing VM operation: G1PauseRemark done
Event: 19.203 Executing VM operation: G1PauseCleanup
Event: 19.203 Executing VM operation: G1PauseCleanup done
Event: 19.366 Executing VM operation: HandshakeAllThreads
Event: 19.367 Executing VM operation: HandshakeAllThreads done
Event: 19.688 Executing VM operation: ICBufferFull
Event: 19.688 Executing VM operation: ICBufferFull done
Event: 20.420 Executing VM operation: ICBufferFull
Event: 20.421 Executing VM operation: ICBufferFull done
Event: 20.519 Executing VM operation: HandshakeAllThreads
Event: 20.530 Executing VM operation: HandshakeAllThreads done
Event: 20.555 Executing VM operation: HandshakeAllThreads
Event: 20.555 Executing VM operation: HandshakeAllThreads done
Event: 20.621 Executing VM operation: HandshakeAllThreads
Event: 20.626 Executing VM operation: HandshakeAllThreads done
Event: 20.650 Executing VM operation: ICBufferFull
Event: 20.650 Executing VM operation: ICBufferFull done
Event: 20.690 Executing VM operation: G1CollectForAllocation
Event: 20.724 Executing VM operation: G1CollectForAllocation done
Event: 20.757 Executing VM operation: G1CollectForAllocation

Events (20 events):
Event: 20.636 Thread 0x000001e8f6b82530 flushing nmethod 0x000001e8e1457790
Event: 20.636 Thread 0x000001e8f6b82530 flushing nmethod 0x000001e8e146b810
Event: 20.636 Thread 0x000001e8f6b82530 flushing nmethod 0x000001e8e14a5e90
Event: 20.636 Thread 0x000001e8f6b82530 flushing nmethod 0x000001e8e14aea10
Event: 20.636 Thread 0x000001e8f6b82530 flushing nmethod 0x000001e8e14af490
Event: 20.636 Thread 0x000001e8f6b82530 flushing nmethod 0x000001e8e1523010
Event: 20.636 Thread 0x000001e8f6b82530 flushing nmethod 0x000001e8e1523810
Event: 20.636 Thread 0x000001e8f6b82530 flushing nmethod 0x000001e8e1524810
Event: 20.636 Thread 0x000001e8f6b82530 flushing nmethod 0x000001e8e152e710
Event: 20.636 Thread 0x000001e8f6b82530 flushing nmethod 0x000001e8e152ea90
Event: 20.636 Thread 0x000001e8f6b82530 flushing nmethod 0x000001e8e1534090
Event: 20.636 Thread 0x000001e8f6b82530 flushing nmethod 0x000001e8e1555890
Event: 20.636 Thread 0x000001e8f6b82530 flushing nmethod 0x000001e8e1574c10
Event: 20.636 Thread 0x000001e8f6b82530 flushing nmethod 0x000001e8e15b0f10
Event: 20.637 Thread 0x000001e8f6b82530 flushing nmethod 0x000001e8e15bb010
Event: 20.637 Thread 0x000001e8f6b82530 flushing nmethod 0x000001e8e15bc890
Event: 20.637 Thread 0x000001e8f6b82530 flushing nmethod 0x000001e8e15c1190
Event: 20.637 Thread 0x000001e8f6b82530 flushing nmethod 0x000001e8e15c1e90
Event: 20.637 Thread 0x000001e8f6b82530 flushing nmethod 0x000001e8e15c5190
Event: 20.637 Thread 0x000001e8f6b82530 flushing nmethod 0x000001e8e166ea10


Dynamic libraries:
0x00007ff73c8a0000 - 0x00007ff73c8ae000 	C:\Program Files\Microsoft\jdk-17.0.10.7-hotspot\bin\java.exe
0x00007ffba33d0000 - 0x00007ffba35c8000 	C:\WINDOWS\SYSTEM32\ntdll.dll
0x00007ffba14e0000 - 0x00007ffba15a2000 	C:\WINDOWS\System32\KERNEL32.DLL
0x00007ffba0cb0000 - 0x00007ffba0fa6000 	C:\WINDOWS\System32\KERNELBASE.dll
0x00007ffba0a70000 - 0x00007ffba0b70000 	C:\WINDOWS\System32\ucrtbase.dll
0x00007ffb8b970000 - 0x00007ffb8b98b000 	C:\Program Files\Microsoft\jdk-17.0.10.7-hotspot\bin\VCRUNTIME140.dll
0x00007ffb86a60000 - 0x00007ffb86a77000 	C:\Program Files\Microsoft\jdk-17.0.10.7-hotspot\bin\jli.dll
0x00007ffba31c0000 - 0x00007ffba335d000 	C:\WINDOWS\System32\USER32.dll
0x00007ffba1260000 - 0x00007ffba1282000 	C:\WINDOWS\System32\win32u.dll
0x00007ffba2b20000 - 0x00007ffba2b4b000 	C:\WINDOWS\System32\GDI32.dll
0x00007ffba0fe0000 - 0x00007ffba10f9000 	C:\WINDOWS\System32\gdi32full.dll
0x00007ffba1290000 - 0x00007ffba132d000 	C:\WINDOWS\System32\msvcp_win.dll
0x00007ffb92e60000 - 0x00007ffb930fb000 	C:\WINDOWS\WinSxS\amd64_microsoft.windows.common-controls_6595b64144ccf1df_6.0.19041.6280_none_60bc30a171f2f3f3\COMCTL32.dll
0x00007ffba1430000 - 0x00007ffba14ce000 	C:\WINDOWS\System32\msvcrt.dll
0x00007ffba1400000 - 0x00007ffba142f000 	C:\WINDOWS\System32\IMM32.DLL
0x00007ffb9ba90000 - 0x00007ffb9ba9c000 	C:\Program Files\Microsoft\jdk-17.0.10.7-hotspot\bin\vcruntime140_1.dll
0x00007ffb84910000 - 0x00007ffb8499d000 	C:\Program Files\Microsoft\jdk-17.0.10.7-hotspot\bin\msvcp140.dll
0x00007ffb58d30000 - 0x00007ffb59995000 	C:\Program Files\Microsoft\jdk-17.0.10.7-hotspot\bin\server\jvm.dll
0x00007ffba3060000 - 0x00007ffba3111000 	C:\WINDOWS\System32\ADVAPI32.dll
0x00007ffba3120000 - 0x00007ffba31bf000 	C:\WINDOWS\System32\sechost.dll
0x00007ffba2390000 - 0x00007ffba24b0000 	C:\WINDOWS\System32\RPCRT4.dll
0x00007ffba0fb0000 - 0x00007ffba0fd7000 	C:\WINDOWS\System32\bcrypt.dll
0x00007ffba08d0000 - 0x00007ffba091b000 	C:\WINDOWS\SYSTEM32\POWRPROF.dll
0x00007ffb8b960000 - 0x00007ffb8b969000 	C:\WINDOWS\SYSTEM32\WSOCK32.dll
0x00007ffb93b60000 - 0x00007ffb93b87000 	C:\WINDOWS\SYSTEM32\WINMM.dll
0x00007ffb99200000 - 0x00007ffb9920a000 	C:\WINDOWS\SYSTEM32\VERSION.dll
0x00007ffba2d60000 - 0x00007ffba2dcb000 	C:\WINDOWS\System32\WS2_32.dll
0x00007ffba08b0000 - 0x00007ffba08c2000 	C:\WINDOWS\SYSTEM32\UMPDC.dll
0x00007ffb9e830000 - 0x00007ffb9e842000 	C:\WINDOWS\SYSTEM32\kernel.appcore.dll
0x00007ffb86a50000 - 0x00007ffb86a5a000 	C:\Program Files\Microsoft\jdk-17.0.10.7-hotspot\bin\jimage.dll
0x00007ffb93bb0000 - 0x00007ffb93db1000 	C:\WINDOWS\SYSTEM32\DBGHELP.DLL
0x00007ffb8a2b0000 - 0x00007ffb8a2e4000 	C:\WINDOWS\SYSTEM32\dbgcore.DLL
0x00007ffba0b70000 - 0x00007ffba0bf2000 	C:\WINDOWS\System32\bcryptPrimitives.dll
0x00007ffb83850000 - 0x00007ffb8385e000 	C:\Program Files\Microsoft\jdk-17.0.10.7-hotspot\bin\instrument.dll
0x00007ffb86a20000 - 0x00007ffb86a45000 	C:\Program Files\Microsoft\jdk-17.0.10.7-hotspot\bin\java.dll
0x00007ffb5c4f0000 - 0x00007ffb5c5c7000 	C:\Program Files\Microsoft\jdk-17.0.10.7-hotspot\bin\jsvml.dll
0x00007ffba15b0000 - 0x00007ffba1d20000 	C:\WINDOWS\System32\SHELL32.dll
0x00007ffb9eb10000 - 0x00007ffb9f2b5000 	C:\WINDOWS\SYSTEM32\windows.storage.dll
0x00007ffba2590000 - 0x00007ffba28e3000 	C:\WINDOWS\System32\combase.dll
0x00007ffba03d0000 - 0x00007ffba03fb000 	C:\WINDOWS\SYSTEM32\Wldp.dll
0x00007ffba2190000 - 0x00007ffba225d000 	C:\WINDOWS\System32\OLEAUT32.dll
0x00007ffba28f0000 - 0x00007ffba299d000 	C:\WINDOWS\System32\SHCORE.dll
0x00007ffba2dd0000 - 0x00007ffba2e2b000 	C:\WINDOWS\System32\shlwapi.dll
0x00007ffba09a0000 - 0x00007ffba09c4000 	C:\WINDOWS\SYSTEM32\profapi.dll
0x00007ffb86880000 - 0x00007ffb86898000 	C:\Program Files\Microsoft\jdk-17.0.10.7-hotspot\bin\zip.dll
0x00007ffb86a00000 - 0x00007ffb86a19000 	C:\Program Files\Microsoft\jdk-17.0.10.7-hotspot\bin\net.dll
0x00007ffb9bbe0000 - 0x00007ffb9bcea000 	C:\WINDOWS\SYSTEM32\WINHTTP.dll
0x00007ffba0130000 - 0x00007ffba019a000 	C:\WINDOWS\system32\mswsock.dll
0x00007ffb869e0000 - 0x00007ffb869f6000 	C:\Program Files\Microsoft\jdk-17.0.10.7-hotspot\bin\nio.dll
0x00007ffb86870000 - 0x00007ffb86880000 	C:\Program Files\Microsoft\jdk-17.0.10.7-hotspot\bin\verify.dll
0x00007ffb86fb0000 - 0x00007ffb86fd7000 	C:\Users\Chanchal\.gradle\native\1def1411415f61bf3af743bc5b6707747c0891f09f0c88961ee8f79bc544acac\windows-amd64\native-platform.dll
0x00007ffb84760000 - 0x00007ffb847d8000 	C:\Users\Chanchal\.gradle\native\0.2.7\x86_64-windows-gnu\gradle-fileevents.dll
0x00007ffb83880000 - 0x00007ffb83889000 	C:\Program Files\Microsoft\jdk-17.0.10.7-hotspot\bin\management.dll
0x00007ffb83870000 - 0x00007ffb8387b000 	C:\Program Files\Microsoft\jdk-17.0.10.7-hotspot\bin\management_ext.dll
0x00007ffba14d0000 - 0x00007ffba14d8000 	C:\WINDOWS\System32\PSAPI.DLL
0x00007ffb9fe10000 - 0x00007ffb9fe4b000 	C:\WINDOWS\SYSTEM32\IPHLPAPI.DLL
0x00007ffba3380000 - 0x00007ffba3388000 	C:\WINDOWS\System32\NSI.dll
0x00007ffb9af50000 - 0x00007ffb9af67000 	C:\WINDOWS\SYSTEM32\dhcpcsvc6.DLL
0x00007ffb9af30000 - 0x00007ffb9af4d000 	C:\WINDOWS\SYSTEM32\dhcpcsvc.DLL
0x00007ffb9fe50000 - 0x00007ffb9ff1a000 	C:\WINDOWS\SYSTEM32\DNSAPI.dll
0x00007ffb83860000 - 0x00007ffb83869000 	C:\Program Files\Microsoft\jdk-17.0.10.7-hotspot\bin\extnet.dll
0x00007ffba0320000 - 0x00007ffba0338000 	C:\WINDOWS\SYSTEM32\CRYPTSP.dll
0x00007ffb9fa50000 - 0x00007ffb9fa88000 	C:\WINDOWS\system32\rsaenh.dll
0x00007ffba0920000 - 0x00007ffba094e000 	C:\WINDOWS\SYSTEM32\USERENV.dll
0x00007ffba0340000 - 0x00007ffba034c000 	C:\WINDOWS\SYSTEM32\CRYPTBASE.dll
0x00007ffb7fd30000 - 0x00007ffb7fd3e000 	C:\Program Files\Microsoft\jdk-17.0.10.7-hotspot\bin\sunmscapi.dll
0x00007ffba1100000 - 0x00007ffba125d000 	C:\WINDOWS\System32\CRYPT32.dll
0x00007ffba0440000 - 0x00007ffba0467000 	C:\WINDOWS\SYSTEM32\ncrypt.dll
0x00007ffba0400000 - 0x00007ffba043b000 	C:\WINDOWS\SYSTEM32\NTASN1.dll
0x00007ffb51cc0000 - 0x00007ffb51cc7000 	C:\WINDOWS\system32\wshunix.dll

dbghelp: loaded successfully - version: 4.0.5 - missing functions: none
symbol engine: initialized successfully - sym options: 0x614 - pdb path: .;C:\Program Files\Microsoft\jdk-17.0.10.7-hotspot\bin;C:\WINDOWS\SYSTEM32;C:\WINDOWS\WinSxS\amd64_microsoft.windows.common-controls_6595b64144ccf1df_6.0.19041.6280_none_60bc30a171f2f3f3;C:\Program Files\Microsoft\jdk-17.0.10.7-hotspot\bin\server;C:\Users\Chanchal\.gradle\native\1def1411415f61bf3af743bc5b6707747c0891f09f0c88961ee8f79bc544acac\windows-amd64;C:\Users\Chanchal\.gradle\native\0.2.7\x86_64-windows-gnu

VM Arguments:
jvm_args: --add-opens=java.base/java.lang=ALL-UNNAMED --add-opens=java.base/java.lang.invoke=ALL-UNNAMED --add-opens=java.base/java.util=ALL-UNNAMED --add-opens=java.prefs/java.util.prefs=ALL-UNNAMED --add-exports=jdk.compiler/com.sun.tools.javac.api=ALL-UNNAMED --add-exports=jdk.compiler/com.sun.tools.javac.util=ALL-UNNAMED --add-opens=java.base/java.util=ALL-UNNAMED --add-opens=java.prefs/java.util.prefs=ALL-UNNAMED --add-opens=java.base/java.nio.charset=ALL-UNNAMED --add-opens=java.base/java.net=ALL-UNNAMED --add-opens=java.base/java.util.concurrent.atomic=ALL-UNNAMED --add-opens=java.xml/javax.xml.namespace=ALL-UNNAMED -XX:MaxMetaspaceSize=512m -Xmx2048m -Dfile.encoding=UTF-8 -Duser.country=US -Duser.language=en -Duser.variant -javaagent:C:\Users\Chanchal\.gradle\wrapper\dists\gradle-8.14.3-bin\cv11ve7ro1n3o1j4so8xd9n66\gradle-8.14.3\lib\agents\gradle-instrumentation-agent-8.14.3.jar 
java_command: org.gradle.launcher.daemon.bootstrap.GradleDaemon 8.14.3
java_class_path (initial): C:\Users\Chanchal\.gradle\wrapper\dists\gradle-8.14.3-bin\cv11ve7ro1n3o1j4so8xd9n66\gradle-8.14.3\lib\gradle-daemon-main-8.14.3.jar
Launcher Type: SUN_STANDARD

[Global flags]
     intx CICompilerCount                          = 2                                         {product} {ergonomic}
   size_t CompressedClassSpaceSize                 = 436207616                                 {product} {ergonomic}
     uint ConcGCThreads                            = 1                                         {product} {ergonomic}
     uint G1ConcRefinementThreads                  = 2                                         {product} {ergonomic}
   size_t G1HeapRegionSize                         = 1048576                                   {product} {ergonomic}
    uintx GCDrainStackTargetSize                   = 64                                        {product} {ergonomic}
   size_t InitialHeapSize                          = 134217728                                 {product} {ergonomic}
   size_t MarkStackSize                            = 4194304                                   {product} {ergonomic}
   size_t MaxHeapSize                              = 2147483648                                {product} {command line}
   size_t MaxMetaspaceSize                         = 536870912                                 {product} {command line}
   size_t MaxNewSize                               = 1287651328                                {product} {ergonomic}
   size_t MinHeapDeltaBytes                        = 1048576                                   {product} {ergonomic}
   size_t MinHeapSize                              = 8388608                                   {product} {ergonomic}
    uintx NonNMethodCodeHeapSize                   = 5826188                                {pd product} {ergonomic}
    uintx NonProfiledCodeHeapSize                  = 122916026                              {pd product} {ergonomic}
    uintx ProfiledCodeHeapSize                     = 122916026                              {pd product} {ergonomic}
    uintx ReservedCodeCacheSize                    = 251658240                              {pd product} {ergonomic}
     bool SegmentedCodeCache                       = true                                      {product} {ergonomic}
   size_t SoftMaxHeapSize                          = 2147483648                             {manageable} {ergonomic}
     bool UseCompressedClassPointers               = true                           {product lp64_product} {ergonomic}
     bool UseCompressedOops                        = true                           {product lp64_product} {ergonomic}
     bool UseG1GC                                  = true                                      {product} {ergonomic}
     bool UseLargePagesIndividualAllocation        = false                                  {pd product} {ergonomic}

Logging:
Log output configuration:
 #0: stdout all=warning uptime,level,tags
 #1: stderr all=off uptime,level,tags

Environment Variables:
JAVA_HOME=C:\Program Files\Microsoft\jdk-17.0.10.7-hotspot\
PATH=C:\Program Files\Microsoft\jdk-17.0.10.7-hotspot\bin;C:\WINDOWS\system32;C:\WINDOWS;C:\WINDOWS\System32\Wbem;C:\WINDOWS\System32\WindowsPowerShell\v1.0\;C:\WINDOWS\System32\OpenSSH\;C:\Program Files\Git\cmd;F:\xampp\php;C:\ProgramData\ComposerSetup\bin;C:\ProgramData\chocolatey\bin;%LOCALAPPDATA%\Android\Sdk\platform-tools;C:\Program Files\nodejs\;D:\xampp\php;C:\Users\Chanchal\AppData\Local\Microsoft\WindowsApps;;C:\Users\Chanchal\AppData\Roaming\Composer\vendor\bin;C:\Users\Chanchal\AppData\Local\Microsoft\WinGet\Packages\Schniz.fnm_Microsoft.Winget.Source_8wekyb3d8bbwe;C:\Users\Chanchal\AppData\Roaming\npm;C:\Users\Chanchal\AppData\Local\Programs\Microsoft VS Code\bin
USERNAME=Chanchal
OS=Windows_NT
PROCESSOR_IDENTIFIER=Intel64 Family 6 Model 60 Stepping 3, GenuineIntel
TMP=C:\Users\Chanchal\AppData\Local\Temp
TEMP=C:\Users\Chanchal\AppData\Local\Temp



Periodic native trim disabled


---------------  S Y S T E M  ---------------

OS:
 Windows 10 , 64 bit Build 19041 (10.0.19041.5915)
OS uptime: 0 days 0:47 hours

CPU: total 2 (initial active 2) (2 cores per cpu, 1 threads per core) family 6 model 60 stepping 3 microcode 0x27, cx8, cmov, fxsr, mmx, sse, sse2, sse3, ssse3, sse4.1, sse4.2, popcnt, lzcnt, tsc, tscinvbit, erms, clmul, clflush
Processor Information for all 2 processors :
  Max Mhz: 3100, Current Mhz: 3100, Mhz Limit: 3100

Memory: 4k page, system-wide physical 8092M (304M free)
TotalPageFile size 10316M (AvailPageFile size 156M)
current process WorkingSet (physical memory assigned to process): 322M, peak: 337M
current process commit charge ("private bytes"): 353M, peak: 505M

vm_info: OpenJDK 64-Bit Server VM (17.0.10+7-LTS) for windows-amd64 JRE (17.0.10+7-LTS), built on Jan 10 2024 19:47:12 by "MicrosoftCorporation" with MS VC++ 16.10 / 16.11 (VS2019)

END.
