#
# There is insufficient memory for the Java Runtime Environment to continue.
# Native memory allocation (mmap) failed to map 171966464 bytes for G1 virtual space
# Possible reasons:
#   The system is out of physical RAM or swap space
#   The process is running with CompressedOops enabled, and the Java Heap may be blocking the growth of the native heap
# Possible solutions:
#   Reduce memory load on the system
#   Increase physical memory or swap space
#   Check if swap backing store is full
#   Decrease Java heap size (-Xmx/-Xms)
#   Decrease number of Java threads
#   Decrease Java thread stack sizes (-Xss)
#   Set larger code cache with -XX:ReservedCodeCacheSize=
#   JVM is running with Unscaled Compressed Oops mode in which the Java heap is
#     placed in the first 4GB address space. The Java Heap base address is the
#     maximum limit for the native heap growth. Please use -XX:HeapBaseMinAddress
#     to set the Java Heap base and to place the Java Heap above 4GB virtual address.
# This output file may be truncated or incomplete.
#
#  Out of Memory Error (os_windows.cpp:3613), pid=7120, tid=9068
#
# JRE version: OpenJDK Runtime Environment Microsoft-8902769 (17.0.10+7) (build 17.0.10+7-LTS)
# Java VM: OpenJDK 64-Bit Server VM Microsoft-8902769 (17.0.10+7-LTS, mixed mode, sharing, tiered, compressed oops, compressed class ptrs, g1 gc, windows-amd64)
# No core dump will be written. Minidumps are not enabled by default on client versions of Windows
#

---------------  S U M M A R Y ------------

Command Line: --add-opens=java.base/java.lang=ALL-UNNAMED --add-opens=java.base/java.lang.invoke=ALL-UNNAMED --add-opens=java.base/java.util=ALL-UNNAMED --add-opens=java.prefs/java.util.prefs=ALL-UNNAMED --add-exports=jdk.compiler/com.sun.tools.javac.api=ALL-UNNAMED --add-exports=jdk.compiler/com.sun.tools.javac.util=ALL-UNNAMED --add-opens=java.base/java.util=ALL-UNNAMED --add-opens=java.prefs/java.util.prefs=ALL-UNNAMED --add-opens=java.base/java.nio.charset=ALL-UNNAMED --add-opens=java.base/java.net=ALL-UNNAMED --add-opens=java.base/java.util.concurrent.atomic=ALL-UNNAMED --add-opens=java.xml/javax.xml.namespace=ALL-UNNAMED -XX:MaxMetaspaceSize=512m -Xmx2048m -Dfile.encoding=UTF-8 -Duser.country=US -Duser.language=en -Duser.variant -javaagent:C:\Users\Chanchal\.gradle\wrapper\dists\gradle-8.14.3-bin\cv11ve7ro1n3o1j4so8xd9n66\gradle-8.14.3\lib\agents\gradle-instrumentation-agent-8.14.3.jar org.gradle.launcher.daemon.bootstrap.GradleDaemon 8.14.3

Host: Intel(R) Pentium(R) CPU G3240 @ 3.10GHz, 2 cores, 7G,  Windows 10 , 64 bit Build 19041 (10.0.19041.5915)
Time: Tue Sep 23 15:16:50 2025 India Standard Time elapsed time: 26.002187 seconds (0d 0h 0m 26s)

---------------  T H R E A D  ---------------

Current thread (0x000001c0ff6b1440):  VMThread "VM Thread" [stack: 0x00000014c6a00000,0x00000014c6b00000] [id=9068]

Stack: [0x00000014c6a00000,0x00000014c6b00000]
Native frames: (J=compiled Java code, j=interpreted, Vv=VM code, C=native code)
V  [jvm.dll+0x67f829]
V  [jvm.dll+0x83750a]
V  [jvm.dll+0x838fce]
V  [jvm.dll+0x839633]
V  [jvm.dll+0x247cbf]
V  [jvm.dll+0x67c669]
V  [jvm.dll+0x6710da]
V  [jvm.dll+0x309b8b]
V  [jvm.dll+0x311036]
V  [jvm.dll+0x360d5e]
V  [jvm.dll+0x360f8f]
V  [jvm.dll+0x2e0798]
V  [jvm.dll+0x2de974]
V  [jvm.dll+0x2ddf7c]
V  [jvm.dll+0x322331]
V  [jvm.dll+0x83db2b]
V  [jvm.dll+0x83e871]
V  [jvm.dll+0x83ed8d]
V  [jvm.dll+0x83f164]
V  [jvm.dll+0x83f230]
V  [jvm.dll+0x7e69da]
V  [jvm.dll+0x67e715]
C  [ucrtbase.dll+0x21bb2]
C  [KERNEL32.DLL+0x17374]
C  [ntdll.dll+0x4cc91]

VM_Operation (0x00000014c7ef17e0): G1TryInitiateConcMark, mode: safepoint, requested by thread 0x000001c0b7744ac0


---------------  P R O C E S S  ---------------

Threads class SMR info:
_java_thread_list=0x000001c0ba5d9dc0, length=43, elements={
0x000001c0f8893680, 0x000001c0ff6b7e80, 0x000001c0ff6ba100, 0x000001c0ff6cb240,
0x000001c0ff6cdb20, 0x000001c0ff6ce3f0, 0x000001c0ff6cecc0, 0x000001c0ff6d2070,
0x000001c0ff6d6140, 0x000001c0ff6fceb0, 0x000001c0ff6a3690, 0x000001c096cbb680,
0x000001c0b75fcfb0, 0x000001c0b63f7590, 0x000001c0b73c7f00, 0x000001c0b73bbe50,
0x000001c0b6940fe0, 0x000001c0b7747850, 0x000001c0b7744ac0, 0x000001c0b77445b0,
0x000001c0b7747340, 0x000001c0b7746e30, 0x000001c0b7746410, 0x000001c0b7744fd0,
0x000001c0b7745f00, 0x000001c0b69caca0, 0x000001c0b69c8420, 0x000001c0b69cbbd0,
0x000001c0b69c9d70, 0x000001c0b69c7a00, 0x000001c0b69cd010, 0x000001c0b69c6ad0,
0x000001c0b69cb1b0, 0x000001c0b69cc5f0, 0x000001c0b69c65c0, 0x000001c0b69ccb00,
0x000001c0b69ca790, 0x000001c0b69c5ba0, 0x000001c0b69cd520, 0x000001c0b69c7f10,
0x000001c0b69ca280, 0x000001c0ba426060, 0x000001c0ba42cfc0
}

Java Threads: ( => current thread )
  0x000001c0f8893680 JavaThread "main" [_thread_blocked, id=7076, stack(0x00000014c6400000,0x00000014c6500000)]
  0x000001c0ff6b7e80 JavaThread "Reference Handler" daemon [_thread_blocked, id=6500, stack(0x00000014c6b00000,0x00000014c6c00000)]
  0x000001c0ff6ba100 JavaThread "Finalizer" daemon [_thread_blocked, id=100, stack(0x00000014c6c00000,0x00000014c6d00000)]
  0x000001c0ff6cb240 JavaThread "Signal Dispatcher" daemon [_thread_blocked, id=10640, stack(0x00000014c6d00000,0x00000014c6e00000)]
  0x000001c0ff6cdb20 JavaThread "Attach Listener" daemon [_thread_blocked, id=10504, stack(0x00000014c6e00000,0x00000014c6f00000)]
  0x000001c0ff6ce3f0 JavaThread "Service Thread" daemon [_thread_blocked, id=9196, stack(0x00000014c6f00000,0x00000014c7000000)]
  0x000001c0ff6cecc0 JavaThread "Monitor Deflation Thread" daemon [_thread_blocked, id=6372, stack(0x00000014c7000000,0x00000014c7100000)]
  0x000001c0ff6d2070 JavaThread "C2 CompilerThread0" daemon [_thread_blocked, id=3136, stack(0x00000014c7100000,0x00000014c7200000)]
  0x000001c0ff6d6140 JavaThread "C1 CompilerThread0" daemon [_thread_blocked, id=7080, stack(0x00000014c7200000,0x00000014c7300000)]
  0x000001c0ff6fceb0 JavaThread "Sweeper thread" daemon [_thread_blocked, id=964, stack(0x00000014c7300000,0x00000014c7400000)]
  0x000001c0ff6a3690 JavaThread "Common-Cleaner" daemon [_thread_blocked, id=8564, stack(0x00000014c7400000,0x00000014c7500000)]
  0x000001c096cbb680 JavaThread "Notification Thread" daemon [_thread_blocked, id=6784, stack(0x00000014c7500000,0x00000014c7600000)]
  0x000001c0b75fcfb0 JavaThread "Daemon health stats" [_thread_blocked, id=4460, stack(0x00000014c7800000,0x00000014c7900000)]
  0x000001c0b63f7590 JavaThread "Incoming local TCP Connector on port 61495" [_thread_in_native, id=9572, stack(0x00000014c7900000,0x00000014c7a00000)]
  0x000001c0b73c7f00 JavaThread "Daemon periodic checks" [_thread_blocked, id=4480, stack(0x00000014c7a00000,0x00000014c7b00000)]
  0x000001c0b73bbe50 JavaThread "Daemon" [_thread_blocked, id=8568, stack(0x00000014c7b00000,0x00000014c7c00000)]
  0x000001c0b6940fe0 JavaThread "Handler for socket connection from /127.0.0.1:61495 to /127.0.0.1:61496" [_thread_in_native, id=7444, stack(0x00000014c7c00000,0x00000014c7d00000)]
  0x000001c0b7747850 JavaThread "Cancel handler" [_thread_blocked, id=3248, stack(0x00000014c7d00000,0x00000014c7e00000)]
  0x000001c0b7744ac0 JavaThread "Daemon worker" [_thread_blocked, id=7404, stack(0x00000014c7e00000,0x00000014c7f00000)]
  0x000001c0b77445b0 JavaThread "Asynchronous log dispatcher for DefaultDaemonConnection: socket connection from /127.0.0.1:61495 to /127.0.0.1:61496" [_thread_blocked, id=9228, stack(0x00000014c7f00000,0x00000014c8000000)]
  0x000001c0b7747340 JavaThread "Stdin handler" [_thread_blocked, id=4072, stack(0x00000014c8000000,0x00000014c8100000)]
  0x000001c0b7746e30 JavaThread "Daemon client event forwarder" [_thread_blocked, id=868, stack(0x00000014c8100000,0x00000014c8200000)]
  0x000001c0b7746410 JavaThread "Cache worker for journal cache (C:\Users\Chanchal\.gradle\caches\journal-1)" [_thread_blocked, id=6700, stack(0x00000014c8200000,0x00000014c8300000)]
  0x000001c0b7744fd0 JavaThread "File lock request listener" [_thread_in_native, id=5144, stack(0x00000014c8300000,0x00000014c8400000)]
  0x000001c0b7745f00 JavaThread "Cache worker for file hash cache (C:\Users\Chanchal\.gradle\caches\8.14.3\fileHashes)" [_thread_blocked, id=4960, stack(0x00000014c8400000,0x00000014c8500000)]
  0x000001c0b69caca0 JavaThread "Cache worker for file hash cache (D:\calculationapp\android\.gradle\8.14.3\fileHashes)" [_thread_blocked, id=6628, stack(0x00000014c8500000,0x00000014c8600000)]
  0x000001c0b69c8420 JavaThread "Cache worker for Build Output Cleanup Cache (D:\calculationapp\android\.gradle\buildOutputCleanup)" [_thread_blocked, id=4160, stack(0x00000014c8600000,0x00000014c8700000)]
  0x000001c0b69cbbd0 JavaThread "File watcher server" daemon [_thread_in_native, id=9400, stack(0x00000014c8700000,0x00000014c8800000)]
  0x000001c0b69c9d70 JavaThread "File watcher consumer" daemon [_thread_blocked, id=9492, stack(0x00000014c8800000,0x00000014c8900000)]
  0x000001c0b69c7a00 JavaThread "jar transforms" [_thread_blocked, id=11052, stack(0x00000014c8900000,0x00000014c8a00000)]
  0x000001c0b69cd010 JavaThread "jar transforms Thread 2" [_thread_blocked, id=10208, stack(0x00000014c8a00000,0x00000014c8b00000)]
  0x000001c0b69c6ad0 JavaThread "Cache worker for checksums cache (D:\calculationapp\android\.gradle\8.14.3\checksums)" [_thread_blocked, id=7668, stack(0x00000014c8b00000,0x00000014c8c00000)]
  0x000001c0b69cb1b0 JavaThread "Cache worker for file content cache (C:\Users\Chanchal\.gradle\caches\8.14.3\fileContent)" [_thread_blocked, id=1620, stack(0x00000014c8c00000,0x00000014c8d00000)]
  0x000001c0b69cc5f0 JavaThread "Cache worker for cache directory md-supplier (C:\Users\Chanchal\.gradle\caches\8.14.3\md-supplier)" [_thread_blocked, id=8844, stack(0x00000014c8e00000,0x00000014c8f00000)]
  0x000001c0b69c65c0 JavaThread "Cache worker for cache directory md-rule (C:\Users\Chanchal\.gradle\caches\8.14.3\md-rule)" [_thread_blocked, id=9988, stack(0x00000014c8f00000,0x00000014c9000000)]
  0x000001c0b69ccb00 JavaThread "Cache worker for Build Output Cleanup Cache (D:\calculationapp\node_modules\@react-native\gradle-plugin\.gradle\buildOutputCleanup)" [_thread_blocked, id=5692, stack(0x00000014c9000000,0x00000014c9100000)]
  0x000001c0b69ca790 JavaThread "Unconstrained build operations" [_thread_blocked, id=5296, stack(0x00000014c9100000,0x00000014c9200000)]
  0x000001c0b69c5ba0 JavaThread "Unconstrained build operations Thread 2" [_thread_blocked, id=10704, stack(0x00000014c9200000,0x00000014c9300000)]
  0x000001c0b69cd520 JavaThread "Unconstrained build operations Thread 3" [_thread_blocked, id=7460, stack(0x00000014c9300000,0x00000014c9400000)]
  0x000001c0b69c7f10 JavaThread "Unconstrained build operations Thread 4" [_thread_blocked, id=8336, stack(0x00000014c9400000,0x00000014c9500000)]
  0x000001c0b69ca280 JavaThread "Unconstrained build operations Thread 5" [_thread_blocked, id=7112, stack(0x00000014c9500000,0x00000014c9600000)]
  0x000001c0ba426060 JavaThread "Unconstrained build operations Thread 6" [_thread_blocked, id=3036, stack(0x00000014c9600000,0x00000014c9700000)]
  0x000001c0ba42cfc0 JavaThread "Kotlin DSL Writer" [_thread_blocked, id=10644, stack(0x00000014c9700000,0x00000014c9800000)]

Other Threads:
=>0x000001c0ff6b1440 VMThread "VM Thread" [stack: 0x00000014c6a00000,0x00000014c6b00000] [id=9068]
  0x000001c096ca5310 WatcherThread [stack: 0x00000014c7600000,0x00000014c7700000] [id=4388]
  0x000001c0f88efea0 GCTaskThread "GC Thread#0" [stack: 0x00000014c6500000,0x00000014c6600000] [id=11204]
  0x000001c096c638d0 GCTaskThread "GC Thread#1" [stack: 0x00000014c7700000,0x00000014c7800000] [id=2884]
  0x000001c0f8900ba0 ConcurrentGCThread "G1 Main Marker" [stack: 0x00000014c6600000,0x00000014c6700000] [id=2244]
  0x000001c0f8902380 ConcurrentGCThread "G1 Conc#0" [stack: 0x00000014c6700000,0x00000014c6800000] [id=3812]
  0x000001c0f894e690 ConcurrentGCThread "G1 Refine#0" [stack: 0x00000014c6800000,0x00000014c6900000] [id=2252]
  0x000001c0b9247110 ConcurrentGCThread "G1 Refine#1" [stack: 0x00000014c8d00000,0x00000014c8e00000] [id=7060]
  0x000001c0ff5700a0 ConcurrentGCThread "G1 Service" [stack: 0x00000014c6900000,0x00000014c6a00000] [id=7392]

Threads with active compile tasks:

VM state: at safepoint (normal execution)

VM Mutex/Monitor currently owned by a thread:  ([mutex/lock_event])
[0x000001c0f888fef0] Threads_lock - owner thread: 0x000001c0ff6b1440
[0x000001c0f8890c70] Heap_lock - owner thread: 0x000001c0b7744ac0

Heap address: 0x0000000080000000, size: 2048 MB, Compressed Oops mode: 32-bit

CDS archive(s) mapped at: [0x000001c097000000-0x000001c097bb0000-0x000001c097bb0000), size 12255232, SharedBaseAddress: 0x000001c097000000, ArchiveRelocationMode: 1.
Compressed class space mapped at: 0x000001c098000000-0x000001c0b2000000, reserved size: 436207616
Narrow klass base: 0x000001c097000000, Narrow klass shift: 0, Narrow klass range: 0x100000000

GC Precious Log:
 CPUs: 2 total, 2 available
 Memory: 8092M
 Large Page Support: Disabled
 NUMA Support: Disabled
 Compressed Oops: Enabled (32-bit)
 Heap Region Size: 1M
 Heap Min Capacity: 8M
 Heap Initial Capacity: 128M
 Heap Max Capacity: 2G
 Pre-touch: Disabled
 Parallel Workers: 2
 Concurrent Workers: 1
 Concurrent Refinement Workers: 2
 Periodic GC: Disabled

Heap:
 garbage-first heap   total 156672K, used 90798K [0x0000000080000000, 0x0000000100000000)
  region size 1024K, 1 young (1024K), 1 survivors (1024K)
 Metaspace       used 85953K, committed 86784K, reserved 557056K
  class space    used 11947K, committed 12352K, reserved 425984K

Heap Regions: E=young(eden), S=young(survivor), O=old, HS=humongous(starts), HC=humongous(continues), CS=collection set, F=free, OA=open archive, CA=closed archive, TAMS=top-at-mark-start (previous, next)
|   0|0x0000000080000000, 0x0000000080100000, 0x0000000080100000|100%| O|  |TAMS 0x0000000080100000, 0x0000000080100000| Untracked 
|   1|0x0000000080100000, 0x0000000080200000, 0x0000000080200000|100%| O|  |TAMS 0x0000000080200000, 0x0000000080200000| Untracked 
|   2|0x0000000080200000, 0x0000000080300000, 0x0000000080300000|100%| O|  |TAMS 0x0000000080300000, 0x0000000080300000| Untracked 
|   3|0x0000000080300000, 0x0000000080400000, 0x0000000080400000|100%| O|  |TAMS 0x0000000080400000, 0x0000000080400000| Untracked 
|   4|0x0000000080400000, 0x0000000080500000, 0x0000000080500000|100%|HS|  |TAMS 0x0000000080500000, 0x0000000080500000| Complete 
|   5|0x0000000080500000, 0x0000000080600000, 0x0000000080600000|100%|HC|  |TAMS 0x0000000080600000, 0x0000000080600000| Complete 
|   6|0x0000000080600000, 0x0000000080700000, 0x0000000080700000|100%|HC|  |TAMS 0x0000000080700000, 0x0000000080700000| Complete 
|   7|0x0000000080700000, 0x0000000080800000, 0x0000000080800000|100%|HS|  |TAMS 0x0000000080800000, 0x0000000080800000| Complete 
|   8|0x0000000080800000, 0x0000000080900000, 0x0000000080900000|100%| O|  |TAMS 0x0000000080900000, 0x0000000080900000| Untracked 
|   9|0x0000000080900000, 0x0000000080a00000, 0x0000000080a00000|100%| O|  |TAMS 0x0000000080a00000, 0x0000000080a00000| Untracked 
|  10|0x0000000080a00000, 0x0000000080b00000, 0x0000000080b00000|100%| O|  |TAMS 0x0000000080b00000, 0x0000000080b00000| Untracked 
|  11|0x0000000080b00000, 0x0000000080c00000, 0x0000000080c00000|100%| O|  |TAMS 0x0000000080c00000, 0x0000000080c00000| Untracked 
|  12|0x0000000080c00000, 0x0000000080d00000, 0x0000000080d00000|100%| O|  |TAMS 0x0000000080d00000, 0x0000000080d00000| Untracked 
|  13|0x0000000080d00000, 0x0000000080e00000, 0x0000000080e00000|100%| O|  |TAMS 0x0000000080e00000, 0x0000000080e00000| Untracked 
|  14|0x0000000080e00000, 0x0000000080f00000, 0x0000000080f00000|100%| O|  |TAMS 0x0000000080f00000, 0x0000000080f00000| Untracked 
|  15|0x0000000080f00000, 0x0000000081000000, 0x0000000081000000|100%| O|  |TAMS 0x0000000081000000, 0x0000000081000000| Untracked 
|  16|0x0000000081000000, 0x0000000081100000, 0x0000000081100000|100%| O|  |TAMS 0x0000000081100000, 0x0000000081100000| Untracked 
|  17|0x0000000081100000, 0x0000000081200000, 0x0000000081200000|100%| O|  |TAMS 0x0000000081200000, 0x0000000081200000| Untracked 
|  18|0x0000000081200000, 0x0000000081300000, 0x0000000081300000|100%| O|  |TAMS 0x0000000081300000, 0x0000000081300000| Untracked 
|  19|0x0000000081300000, 0x0000000081400000, 0x0000000081400000|100%| O|  |TAMS 0x0000000081400000, 0x0000000081400000| Untracked 
|  20|0x0000000081400000, 0x0000000081500000, 0x0000000081500000|100%| O|  |TAMS 0x0000000081500000, 0x0000000081500000| Untracked 
|  21|0x0000000081500000, 0x0000000081600000, 0x0000000081600000|100%| O|  |TAMS 0x0000000081500000, 0x0000000081600000| Untracked 
|  22|0x0000000081600000, 0x0000000081700000, 0x0000000081700000|100%| O|  |TAMS 0x0000000081700000, 0x0000000081700000| Untracked 
|  23|0x0000000081700000, 0x0000000081800000, 0x0000000081800000|100%| O|  |TAMS 0x0000000081800000, 0x0000000081800000| Untracked 
|  24|0x0000000081800000, 0x0000000081900000, 0x0000000081900000|100%| O|  |TAMS 0x0000000081900000, 0x0000000081900000| Untracked 
|  25|0x0000000081900000, 0x0000000081a00000, 0x0000000081a00000|100%| O|  |TAMS 0x0000000081a00000, 0x0000000081a00000| Untracked 
|  26|0x0000000081a00000, 0x0000000081b00000, 0x0000000081b00000|100%| O|  |TAMS 0x0000000081b00000, 0x0000000081b00000| Untracked 
|  27|0x0000000081b00000, 0x0000000081c00000, 0x0000000081c00000|100%| O|  |TAMS 0x0000000081c00000, 0x0000000081c00000| Untracked 
|  28|0x0000000081c00000, 0x0000000081d00000, 0x0000000081d00000|100%| O|  |TAMS 0x0000000081d00000, 0x0000000081d00000| Untracked 
|  29|0x0000000081d00000, 0x0000000081e00000, 0x0000000081e00000|100%| O|  |TAMS 0x0000000081e00000, 0x0000000081e00000| Untracked 
|  30|0x0000000081e00000, 0x0000000081f00000, 0x0000000081f00000|100%| O|  |TAMS 0x0000000081f00000, 0x0000000081f00000| Untracked 
|  31|0x0000000081f00000, 0x0000000082000000, 0x0000000082000000|100%| O|  |TAMS 0x0000000082000000, 0x0000000082000000| Untracked 
|  32|0x0000000082000000, 0x0000000082100000, 0x0000000082100000|100%| O|  |TAMS 0x0000000082100000, 0x0000000082100000| Untracked 
|  33|0x0000000082100000, 0x0000000082200000, 0x0000000082200000|100%| O|  |TAMS 0x0000000082200000, 0x0000000082200000| Untracked 
|  34|0x0000000082200000, 0x0000000082300000, 0x0000000082300000|100%| O|  |TAMS 0x0000000082300000, 0x0000000082300000| Untracked 
|  35|0x0000000082300000, 0x0000000082400000, 0x0000000082400000|100%| O|  |TAMS 0x0000000082400000, 0x0000000082400000| Untracked 
|  36|0x0000000082400000, 0x0000000082500000, 0x0000000082500000|100%| O|  |TAMS 0x0000000082500000, 0x0000000082500000| Untracked 
|  37|0x0000000082500000, 0x0000000082600000, 0x0000000082600000|100%| O|  |TAMS 0x0000000082600000, 0x0000000082600000| Untracked 
|  38|0x0000000082600000, 0x0000000082700000, 0x0000000082700000|100%| O|  |TAMS 0x0000000082700000, 0x0000000082700000| Untracked 
|  39|0x0000000082700000, 0x0000000082800000, 0x0000000082800000|100%| O|  |TAMS 0x0000000082800000, 0x0000000082800000| Untracked 
|  40|0x0000000082800000, 0x0000000082800000, 0x0000000082900000|  0%| F|  |TAMS 0x0000000082800000, 0x0000000082800000| Untracked 
|  41|0x0000000082900000, 0x0000000082a00000, 0x0000000082a00000|100%| O|  |TAMS 0x0000000082a00000, 0x0000000082a00000| Untracked 
|  42|0x0000000082a00000, 0x0000000082b00000, 0x0000000082b00000|100%| O|  |TAMS 0x0000000082b00000, 0x0000000082b00000| Untracked 
|  43|0x0000000082b00000, 0x0000000082c00000, 0x0000000082c00000|100%| O|  |TAMS 0x0000000082c00000, 0x0000000082c00000| Untracked 
|  44|0x0000000082c00000, 0x0000000082d00000, 0x0000000082d00000|100%| O|  |TAMS 0x0000000082d00000, 0x0000000082d00000| Untracked 
|  45|0x0000000082d00000, 0x0000000082e00000, 0x0000000082e00000|100%| O|  |TAMS 0x0000000082e00000, 0x0000000082e00000| Untracked 
|  46|0x0000000082e00000, 0x0000000082f00000, 0x0000000082f00000|100%| O|  |TAMS 0x0000000082f00000, 0x0000000082f00000| Untracked 
|  47|0x0000000082f00000, 0x0000000083000000, 0x0000000083000000|100%| O|  |TAMS 0x0000000083000000, 0x0000000083000000| Untracked 
|  48|0x0000000083000000, 0x0000000083100000, 0x0000000083100000|100%| O|  |TAMS 0x0000000083100000, 0x0000000083100000| Untracked 
|  49|0x0000000083100000, 0x0000000083200000, 0x0000000083200000|100%| O|  |TAMS 0x0000000083200000, 0x0000000083200000| Untracked 
|  50|0x0000000083200000, 0x0000000083300000, 0x0000000083300000|100%| O|  |TAMS 0x0000000083300000, 0x0000000083300000| Untracked 
|  51|0x0000000083300000, 0x0000000083400000, 0x0000000083400000|100%| O|  |TAMS 0x0000000083400000, 0x0000000083400000| Untracked 
|  52|0x0000000083400000, 0x0000000083500000, 0x0000000083500000|100%| O|  |TAMS 0x0000000083500000, 0x0000000083500000| Untracked 
|  53|0x0000000083500000, 0x0000000083600000, 0x0000000083600000|100%| O|  |TAMS 0x0000000083600000, 0x0000000083600000| Untracked 
|  54|0x0000000083600000, 0x0000000083700000, 0x0000000083700000|100%| O|  |TAMS 0x0000000083700000, 0x0000000083700000| Untracked 
|  55|0x0000000083700000, 0x0000000083800000, 0x0000000083800000|100%| O|  |TAMS 0x0000000083800000, 0x0000000083800000| Untracked 
|  56|0x0000000083800000, 0x0000000083900000, 0x0000000083900000|100%| O|  |TAMS 0x0000000083900000, 0x0000000083900000| Untracked 
|  57|0x0000000083900000, 0x0000000083a00000, 0x0000000083a00000|100%| O|  |TAMS 0x0000000083a00000, 0x0000000083a00000| Untracked 
|  58|0x0000000083a00000, 0x0000000083b00000, 0x0000000083b00000|100%| O|  |TAMS 0x0000000083b00000, 0x0000000083b00000| Untracked 
|  59|0x0000000083b00000, 0x0000000083c00000, 0x0000000083c00000|100%| O|  |TAMS 0x0000000083c00000, 0x0000000083c00000| Untracked 
|  60|0x0000000083c00000, 0x0000000083d00000, 0x0000000083d00000|100%| O|  |TAMS 0x0000000083d00000, 0x0000000083d00000| Untracked 
|  61|0x0000000083d00000, 0x0000000083e00000, 0x0000000083e00000|100%| O|  |TAMS 0x0000000083d1dc00, 0x0000000083e00000| Untracked 
|  62|0x0000000083e00000, 0x0000000083f00000, 0x0000000083f00000|100%|HS|  |TAMS 0x0000000083e00000, 0x0000000083f00000| Complete 
|  63|0x0000000083f00000, 0x0000000084000000, 0x0000000084000000|100%| O|  |TAMS 0x0000000083f00000, 0x0000000084000000| Untracked 
|  64|0x0000000084000000, 0x0000000084100000, 0x0000000084100000|100%| O|  |TAMS 0x0000000084000000, 0x0000000084100000| Untracked 
|  65|0x0000000084100000, 0x0000000084200000, 0x0000000084200000|100%| O|  |TAMS 0x0000000084100000, 0x0000000084200000| Untracked 
|  66|0x0000000084200000, 0x0000000084300000, 0x0000000084300000|100%| O|  |TAMS 0x0000000084200000, 0x0000000084300000| Untracked 
|  67|0x0000000084300000, 0x0000000084400000, 0x0000000084400000|100%| O|  |TAMS 0x0000000084300000, 0x0000000084400000| Untracked 
|  68|0x0000000084400000, 0x0000000084500000, 0x0000000084500000|100%| O|  |TAMS 0x0000000084400000, 0x0000000084500000| Untracked 
|  69|0x0000000084500000, 0x0000000084600000, 0x0000000084600000|100%| O|  |TAMS 0x0000000084500000, 0x0000000084600000| Untracked 
|  70|0x0000000084600000, 0x0000000084700000, 0x0000000084700000|100%| O|  |TAMS 0x0000000084600000, 0x0000000084700000| Untracked 
|  71|0x0000000084700000, 0x0000000084800000, 0x0000000084800000|100%| O|  |TAMS 0x0000000084700000, 0x0000000084800000| Untracked 
|  72|0x0000000084800000, 0x0000000084900000, 0x0000000084900000|100%| O|  |TAMS 0x0000000084800000, 0x0000000084900000| Untracked 
|  73|0x0000000084900000, 0x0000000084a00000, 0x0000000084a00000|100%| O|  |TAMS 0x0000000084900000, 0x0000000084a00000| Untracked 
|  74|0x0000000084a00000, 0x0000000084b00000, 0x0000000084b00000|100%| O|  |TAMS 0x0000000084a00000, 0x0000000084b00000| Untracked 
|  75|0x0000000084b00000, 0x0000000084c00000, 0x0000000084c00000|100%| O|  |TAMS 0x0000000084b00000, 0x0000000084c00000| Untracked 
|  76|0x0000000084c00000, 0x0000000084d00000, 0x0000000084d00000|100%| O|  |TAMS 0x0000000084c00000, 0x0000000084d00000| Untracked 
|  77|0x0000000084d00000, 0x0000000084e00000, 0x0000000084e00000|100%| O|  |TAMS 0x0000000084d00000, 0x0000000084e00000| Untracked 
|  78|0x0000000084e00000, 0x0000000084f00000, 0x0000000084f00000|100%| O|  |TAMS 0x0000000084e00000, 0x0000000084f00000| Untracked 
|  79|0x0000000084f00000, 0x0000000085000000, 0x0000000085000000|100%| O|  |TAMS 0x0000000084f00000, 0x0000000085000000| Untracked 
|  80|0x0000000085000000, 0x0000000085100000, 0x0000000085100000|100%|HS|  |TAMS 0x0000000085000000, 0x0000000085100000| Complete 
|  81|0x0000000085100000, 0x0000000085200000, 0x0000000085200000|100%|HC|  |TAMS 0x0000000085100000, 0x0000000085200000| Complete 
|  82|0x0000000085200000, 0x0000000085300000, 0x0000000085300000|100%|HC|  |TAMS 0x0000000085200000, 0x0000000085300000| Complete 
|  83|0x0000000085300000, 0x0000000085400000, 0x0000000085400000|100%|HC|  |TAMS 0x0000000085300000, 0x0000000085400000| Complete 
|  84|0x0000000085400000, 0x0000000085500000, 0x0000000085500000|100%|HC|  |TAMS 0x0000000085400000, 0x0000000085500000| Complete 
|  85|0x0000000085500000, 0x0000000085600000, 0x0000000085600000|100%|HC|  |TAMS 0x0000000085500000, 0x0000000085600000| Complete 
|  86|0x0000000085600000, 0x0000000085700000, 0x0000000085700000|100%| O|  |TAMS 0x0000000085600000, 0x0000000085700000| Untracked 
|  87|0x0000000085700000, 0x0000000085800000, 0x0000000085800000|100%| O|  |TAMS 0x0000000085700000, 0x0000000085800000| Untracked 
|  88|0x0000000085800000, 0x0000000085900000, 0x0000000085900000|100%| O|  |TAMS 0x0000000085800000, 0x0000000085900000| Untracked 
|  89|0x0000000085900000, 0x0000000085900000, 0x0000000085a00000|  0%| F|  |TAMS 0x0000000085900000, 0x0000000085900000| Untracked 
|  90|0x0000000085a00000, 0x0000000085a00000, 0x0000000085b00000|  0%| F|  |TAMS 0x0000000085a00000, 0x0000000085a00000| Untracked 
|  91|0x0000000085b00000, 0x0000000085b00000, 0x0000000085c00000|  0%| F|  |TAMS 0x0000000085b00000, 0x0000000085b00000| Untracked 
|  92|0x0000000085c00000, 0x0000000085c00000, 0x0000000085d00000|  0%| F|  |TAMS 0x0000000085c00000, 0x0000000085c00000| Untracked 
|  93|0x0000000085d00000, 0x0000000085d00000, 0x0000000085e00000|  0%| F|  |TAMS 0x0000000085d00000, 0x0000000085d00000| Untracked 
|  94|0x0000000085e00000, 0x0000000085e00000, 0x0000000085f00000|  0%| F|  |TAMS 0x0000000085e00000, 0x0000000085e00000| Untracked 
|  95|0x0000000085f00000, 0x0000000085f00000, 0x0000000086000000|  0%| F|  |TAMS 0x0000000085f00000, 0x0000000085f00000| Untracked 
|  96|0x0000000086000000, 0x0000000086000000, 0x0000000086100000|  0%| F|  |TAMS 0x0000000086000000, 0x0000000086000000| Untracked 
|  97|0x0000000086100000, 0x0000000086100000, 0x0000000086200000|  0%| F|  |TAMS 0x0000000086100000, 0x0000000086100000| Untracked 
|  98|0x0000000086200000, 0x0000000086200000, 0x0000000086300000|  0%| F|  |TAMS 0x0000000086200000, 0x0000000086200000| Untracked 
|  99|0x0000000086300000, 0x0000000086300000, 0x0000000086400000|  0%| F|  |TAMS 0x0000000086300000, 0x0000000086300000| Untracked 
| 100|0x0000000086400000, 0x0000000086400000, 0x0000000086500000|  0%| F|  |TAMS 0x0000000086400000, 0x0000000086400000| Untracked 
| 101|0x0000000086500000, 0x0000000086500000, 0x0000000086600000|  0%| F|  |TAMS 0x0000000086500000, 0x0000000086500000| Untracked 
| 102|0x0000000086600000, 0x0000000086600000, 0x0000000086700000|  0%| F|  |TAMS 0x0000000086600000, 0x0000000086600000| Untracked 
| 103|0x0000000086700000, 0x0000000086700000, 0x0000000086800000|  0%| F|  |TAMS 0x0000000086700000, 0x0000000086700000| Untracked 
| 104|0x0000000086800000, 0x0000000086800000, 0x0000000086900000|  0%| F|  |TAMS 0x0000000086800000, 0x0000000086800000| Untracked 
| 105|0x0000000086900000, 0x0000000086900000, 0x0000000086a00000|  0%| F|  |TAMS 0x0000000086900000, 0x0000000086900000| Untracked 
| 106|0x0000000086a00000, 0x0000000086a00000, 0x0000000086b00000|  0%| F|  |TAMS 0x0000000086a00000, 0x0000000086a00000| Untracked 
| 107|0x0000000086b00000, 0x0000000086b00000, 0x0000000086c00000|  0%| F|  |TAMS 0x0000000086b00000, 0x0000000086b00000| Untracked 
| 108|0x0000000086c00000, 0x0000000086c00000, 0x0000000086d00000|  0%| F|  |TAMS 0x0000000086c00000, 0x0000000086c00000| Untracked 
| 109|0x0000000086d00000, 0x0000000086d00000, 0x0000000086e00000|  0%| F|  |TAMS 0x0000000086d00000, 0x0000000086d00000| Untracked 
| 110|0x0000000086e00000, 0x0000000086e00000, 0x0000000086f00000|  0%| F|  |TAMS 0x0000000086e00000, 0x0000000086e00000| Untracked 
| 111|0x0000000086f00000, 0x0000000086f00000, 0x0000000087000000|  0%| F|  |TAMS 0x0000000086f00000, 0x0000000086f00000| Untracked 
| 112|0x0000000087000000, 0x0000000087000000, 0x0000000087100000|  0%| F|  |TAMS 0x0000000087000000, 0x0000000087000000| Untracked 
| 113|0x0000000087100000, 0x0000000087100000, 0x0000000087200000|  0%| F|  |TAMS 0x0000000087100000, 0x0000000087100000| Untracked 
| 114|0x0000000087200000, 0x0000000087200000, 0x0000000087300000|  0%| F|  |TAMS 0x0000000087200000, 0x0000000087200000| Untracked 
| 115|0x0000000087300000, 0x0000000087300000, 0x0000000087400000|  0%| F|  |TAMS 0x0000000087300000, 0x0000000087300000| Untracked 
| 116|0x0000000087400000, 0x0000000087400000, 0x0000000087500000|  0%| F|  |TAMS 0x0000000087400000, 0x0000000087400000| Untracked 
| 117|0x0000000087500000, 0x0000000087500000, 0x0000000087600000|  0%| F|  |TAMS 0x0000000087500000, 0x0000000087500000| Untracked 
| 118|0x0000000087600000, 0x0000000087600000, 0x0000000087700000|  0%| F|  |TAMS 0x0000000087600000, 0x0000000087600000| Untracked 
| 119|0x0000000087700000, 0x0000000087700000, 0x0000000087800000|  0%| F|  |TAMS 0x0000000087700000, 0x0000000087700000| Untracked 
| 120|0x0000000087800000, 0x0000000087800000, 0x0000000087900000|  0%| F|  |TAMS 0x0000000087800000, 0x0000000087800000| Untracked 
| 121|0x0000000087900000, 0x0000000087900000, 0x0000000087a00000|  0%| F|  |TAMS 0x0000000087900000, 0x0000000087900000| Untracked 
| 122|0x0000000087a00000, 0x0000000087a00000, 0x0000000087b00000|  0%| F|  |TAMS 0x0000000087a00000, 0x0000000087a00000| Untracked 
| 123|0x0000000087b00000, 0x0000000087b00000, 0x0000000087c00000|  0%| F|  |TAMS 0x0000000087b00000, 0x0000000087b00000| Untracked 
| 124|0x0000000087c00000, 0x0000000087c00000, 0x0000000087d00000|  0%| F|  |TAMS 0x0000000087c00000, 0x0000000087c00000| Untracked 
| 125|0x0000000087d00000, 0x0000000087d00000, 0x0000000087e00000|  0%| F|  |TAMS 0x0000000087d00000, 0x0000000087d00000| Untracked 
| 126|0x0000000087e00000, 0x0000000087e00000, 0x0000000087f00000|  0%| F|  |TAMS 0x0000000087e00000, 0x0000000087e00000| Untracked 
| 127|0x0000000087f00000, 0x0000000087f00000, 0x0000000088000000|  0%| F|  |TAMS 0x0000000087f00000, 0x0000000087f00000| Untracked 
| 128|0x0000000088000000, 0x0000000088000000, 0x0000000088100000|  0%| F|  |TAMS 0x0000000088000000, 0x0000000088000000| Untracked 
| 129|0x0000000088100000, 0x0000000088100000, 0x0000000088200000|  0%| F|  |TAMS 0x0000000088100000, 0x0000000088100000| Untracked 
| 130|0x0000000088200000, 0x0000000088200000, 0x0000000088300000|  0%| F|  |TAMS 0x0000000088200000, 0x0000000088200000| Untracked 
| 131|0x0000000088300000, 0x0000000088300000, 0x0000000088400000|  0%| F|  |TAMS 0x0000000088300000, 0x0000000088300000| Untracked 
| 132|0x0000000088400000, 0x0000000088400000, 0x0000000088500000|  0%| F|  |TAMS 0x0000000088400000, 0x0000000088400000| Untracked 
| 133|0x0000000088500000, 0x0000000088500000, 0x0000000088600000|  0%| F|  |TAMS 0x0000000088500000, 0x0000000088500000| Untracked 
| 134|0x0000000088600000, 0x0000000088600000, 0x0000000088700000|  0%| F|  |TAMS 0x0000000088600000, 0x0000000088600000| Untracked 
| 135|0x0000000088700000, 0x0000000088700000, 0x0000000088800000|  0%| F|  |TAMS 0x0000000088700000, 0x0000000088700000| Untracked 
| 136|0x0000000088800000, 0x0000000088800000, 0x0000000088900000|  0%| F|  |TAMS 0x0000000088800000, 0x0000000088800000| Untracked 
| 137|0x0000000088900000, 0x0000000088900000, 0x0000000088a00000|  0%| F|  |TAMS 0x0000000088900000, 0x0000000088900000| Untracked 
| 138|0x0000000088a00000, 0x0000000088a00000, 0x0000000088b00000|  0%| F|  |TAMS 0x0000000088a00000, 0x0000000088a00000| Untracked 
| 139|0x0000000088b00000, 0x0000000088b00000, 0x0000000088c00000|  0%| F|  |TAMS 0x0000000088b00000, 0x0000000088b00000| Untracked 
| 140|0x0000000088c00000, 0x0000000088c00000, 0x0000000088d00000|  0%| F|  |TAMS 0x0000000088c00000, 0x0000000088c00000| Untracked 
| 141|0x0000000088d00000, 0x0000000088d00000, 0x0000000088e00000|  0%| F|  |TAMS 0x0000000088d00000, 0x0000000088d00000| Untracked 
| 142|0x0000000088e00000, 0x0000000088e00000, 0x0000000088f00000|  0%| F|  |TAMS 0x0000000088e00000, 0x0000000088e00000| Untracked 
| 143|0x0000000088f00000, 0x0000000088f00000, 0x0000000089000000|  0%| F|  |TAMS 0x0000000088f00000, 0x0000000088f00000| Untracked 
| 144|0x0000000089000000, 0x0000000089000000, 0x0000000089100000|  0%| F|  |TAMS 0x0000000089000000, 0x0000000089000000| Untracked 
| 145|0x0000000089100000, 0x0000000089100000, 0x0000000089200000|  0%| F|  |TAMS 0x0000000089100000, 0x0000000089100000| Untracked 
| 146|0x0000000089200000, 0x0000000089200000, 0x0000000089300000|  0%| F|  |TAMS 0x0000000089200000, 0x0000000089200000| Untracked 
| 147|0x0000000089300000, 0x0000000089300000, 0x0000000089400000|  0%| F|  |TAMS 0x0000000089300000, 0x0000000089300000| Untracked 
| 148|0x0000000089400000, 0x00000000894ab8d0, 0x0000000089500000| 67%| S|CS|TAMS 0x0000000089400000, 0x0000000089400000| Complete 
| 149|0x0000000089500000, 0x0000000089500000, 0x0000000089600000|  0%| F|  |TAMS 0x0000000089500000, 0x0000000089500000| Untracked 
| 150|0x0000000089600000, 0x0000000089600000, 0x0000000089700000|  0%| F|  |TAMS 0x0000000089600000, 0x0000000089600000| Untracked 
| 151|0x0000000089700000, 0x0000000089700000, 0x0000000089800000|  0%| F|  |TAMS 0x0000000089700000, 0x0000000089700000| Untracked 
| 152|0x0000000089800000, 0x0000000089800000, 0x0000000089900000|  0%| F|  |TAMS 0x0000000089800000, 0x0000000089800000| Untracked 

Card table byte_map: [0x000001c0f8d50000,0x000001c0f9150000] _byte_map_base: 0x000001c0f8950000

Marking Bits (Prev, Next): (CMBitMap*) 0x000001c0f88f0270, (CMBitMap*) 0x000001c0f88f02b0
 Prev Bits: [0x000001c0f9550000, 0x000001c0fb550000)
 Next Bits: [0x000001c0fb550000, 0x000001c0fd550000)

Polling page: 0x000001c0f6890000

Metaspace:

Usage:
  Non-class:     72.27 MB used.
      Class:     11.67 MB used.
       Both:     83.94 MB used.

Virtual space:
  Non-class space:      128.00 MB reserved,      72.69 MB ( 57%) committed,  2 nodes.
      Class space:      416.00 MB reserved,      12.06 MB (  3%) committed,  1 nodes.
             Both:      544.00 MB reserved,      84.75 MB ( 16%) committed. 

Chunk freelists:
   Non-Class:  6.97 MB
       Class:  3.86 MB
        Both:  10.83 MB

MaxMetaspaceSize: 512.00 MB
CompressedClassSpaceSize: 416.00 MB
Initial GC threshold: 21.00 MB
Current GC threshold: 136.38 MB
CDS: on
MetaspaceReclaimPolicy: balanced
 - commit_granule_bytes: 65536.
 - commit_granule_words: 8192.
 - virtual_space_node_default_size: 8388608.
 - enlarge_chunks_in_place: 1.
 - new_chunks_are_fully_committed: 0.
 - uncommit_free_chunks: 1.
 - use_allocation_guard: 0.
 - handle_deallocations: 1.


Internal statistics:

num_allocs_failed_limit: 9.
num_arena_births: 952.
num_arena_deaths: 8.
num_vsnodes_births: 3.
num_vsnodes_deaths: 0.
num_space_committed: 1354.
num_space_uncommitted: 0.
num_chunks_returned_to_freelist: 24.
num_chunks_taken_from_freelist: 4348.
num_chunk_merges: 10.
num_chunk_splits: 3039.
num_chunks_enlarged: 2227.
num_inconsistent_stats: 0.

CodeHeap 'non-profiled nmethods': size=120064Kb used=4287Kb max_used=4387Kb free=115776Kb
 bounds [0x000001c08f520000, 0x000001c08f970000, 0x000001c096a60000]
CodeHeap 'profiled nmethods': size=120000Kb used=15242Kb max_used=15883Kb free=104757Kb
 bounds [0x000001c087a60000, 0x000001c0889f0000, 0x000001c08ef90000]
CodeHeap 'non-nmethods': size=5696Kb used=2402Kb max_used=2437Kb free=3293Kb
 bounds [0x000001c08ef90000, 0x000001c08f210000, 0x000001c08f520000]
 total_blobs=9105 nmethods=8161 adapters=857
 compilation: enabled
              stopped_count=0, restarted_count=0
 full_count=0

Compilation events (20 events):
Event: 25.979 Thread 0x000001c0ff6d6140 nmethod 9810 0x000001c0880bde90 code [0x000001c0880be060, 0x000001c0880be428]
Event: 25.979 Thread 0x000001c0ff6d6140 9809       1       org.jetbrains.kotlin.metadata.jvm.JvmModuleProtoBuf$PackageParts::getClassWithJvmPackageNameShortNameList (5 bytes)
Event: 25.979 Thread 0x000001c0ff6d6140 nmethod 9809 0x000001c08f893390 code [0x000001c08f893520, 0x000001c08f8935f8]
Event: 25.979 Thread 0x000001c0ff6d6140 9812       1       org.jetbrains.kotlin.metadata.jvm.JvmModuleProtoBuf$PackageParts::getClassWithJvmPackageNamePackageIdList (5 bytes)
Event: 25.979 Thread 0x000001c0ff6d6140 nmethod 9812 0x000001c08f893090 code [0x000001c08f893220, 0x000001c08f8932f8]
Event: 25.980 Thread 0x000001c0ff6d6140 9813       3       org.jetbrains.kotlin.com.intellij.openapi.vfs.impl.jar.CoreJarVirtualFile::getPath (130 bytes)
Event: 25.981 Thread 0x000001c0ff6d6140 nmethod 9813 0x000001c087fb9e90 code [0x000001c087fba240, 0x000001c087fbb658]
Event: 25.981 Thread 0x000001c0ff6d2070 nmethod 9811 0x000001c08f892c90 code [0x000001c08f892e00, 0x000001c08f892f98]
Event: 25.982 Thread 0x000001c0ff6d6140 9814       1       org.jetbrains.kotlin.metadata.jvm.JvmModuleProtoBuf$Module::getJvmPackageNameList (5 bytes)
Event: 25.982 Thread 0x000001c0ff6d6140 nmethod 9814 0x000001c08f892990 code [0x000001c08f892b20, 0x000001c08f892bf8]
Event: 25.982 Thread 0x000001c0ff6d6140 9816       3       org.jetbrains.kotlin.protobuf.UnmodifiableLazyStringList::size (10 bytes)
Event: 25.982 Thread 0x000001c0ff6d6140 nmethod 9816 0x000001c0880bd810 code [0x000001c0880bd9c0, 0x000001c0880bdb88]
Event: 25.982 Thread 0x000001c0ff6d6140 9815       1       org.jetbrains.kotlin.metadata.jvm.JvmModuleProtoBuf$PackageParts::getClassWithJvmPackageNameMultifileFacadeShortNameIdList (5 bytes)
Event: 25.982 Thread 0x000001c0ff6d6140 nmethod 9815 0x000001c08f892690 code [0x000001c08f892820, 0x000001c08f8928f8]
Event: 25.983 Thread 0x000001c0ff6d6140 9817       1       org.jetbrains.kotlin.com.intellij.util.containers.LinkedCustomHashMap$Entry::access$300 (5 bytes)
Event: 25.983 Thread 0x000001c0ff6d6140 nmethod 9817 0x000001c08f892390 code [0x000001c08f892520, 0x000001c08f8925d8]
Event: 25.985 Thread 0x000001c0ff6d6140 9818       3       java.util.EnumMap::get (29 bytes)
Event: 25.985 Thread 0x000001c0ff6d6140 nmethod 9818 0x000001c087fb9790 code [0x000001c087fb9960, 0x000001c087fb9d28]
Event: 25.985 Thread 0x000001c0ff6d6140 9819       3       java.util.EnumMap::isValidKey (36 bytes)
Event: 25.986 Thread 0x000001c0ff6d6140 nmethod 9819 0x000001c087fb9110 code [0x000001c087fb92c0, 0x000001c087fb9548]

GC Heap History (20 events):
Event: 17.986 GC heap after
{Heap after GC invocations=19 (full 0):
 garbage-first heap   total 156672K, used 54934K [0x0000000080000000, 0x0000000100000000)
  region size 1024K, 9 young (9216K), 9 survivors (9216K)
 Metaspace       used 55698K, committed 56320K, reserved 491520K
  class space    used 7697K, committed 8000K, reserved 425984K
}
Event: 18.559 GC heap before
{Heap before GC invocations=19 (full 0):
 garbage-first heap   total 156672K, used 86678K [0x0000000080000000, 0x0000000100000000)
  region size 1024K, 41 young (41984K), 9 survivors (9216K)
 Metaspace       used 59524K, committed 60096K, reserved 491520K
  class space    used 8235K, committed 8512K, reserved 425984K
}
Event: 18.575 GC heap after
{Heap after GC invocations=20 (full 0):
 garbage-first heap   total 156672K, used 56259K [0x0000000080000000, 0x0000000100000000)
  region size 1024K, 5 young (5120K), 5 survivors (5120K)
 Metaspace       used 59524K, committed 60096K, reserved 491520K
  class space    used 8235K, committed 8512K, reserved 425984K
}
Event: 21.651 GC heap before
{Heap before GC invocations=21 (full 0):
 garbage-first heap   total 156672K, used 127939K [0x0000000080000000, 0x0000000100000000)
  region size 1024K, 76 young (77824K), 5 survivors (5120K)
 Metaspace       used 63452K, committed 64064K, reserved 491520K
  class space    used 8816K, committed 9088K, reserved 425984K
}
Event: 21.670 GC heap after
{Heap after GC invocations=22 (full 0):
 garbage-first heap   total 156672K, used 61811K [0x0000000080000000, 0x0000000100000000)
  region size 1024K, 10 young (10240K), 10 survivors (10240K)
 Metaspace       used 63452K, committed 64064K, reserved 491520K
  class space    used 8816K, committed 9088K, reserved 425984K
}
Event: 21.717 GC heap before
{Heap before GC invocations=22 (full 0):
 garbage-first heap   total 156672K, used 62835K [0x0000000080000000, 0x0000000100000000)
  region size 1024K, 11 young (11264K), 10 survivors (10240K)
 Metaspace       used 63456K, committed 64064K, reserved 491520K
  class space    used 8816K, committed 9088K, reserved 425984K
}
Event: 21.731 GC heap after
{Heap after GC invocations=23 (full 0):
 garbage-first heap   total 156672K, used 62583K [0x0000000080000000, 0x0000000100000000)
  region size 1024K, 1 young (1024K), 1 survivors (1024K)
 Metaspace       used 63456K, committed 64064K, reserved 491520K
  class space    used 8816K, committed 9088K, reserved 425984K
}
Event: 22.126 GC heap before
{Heap before GC invocations=23 (full 0):
 garbage-first heap   total 156672K, used 79991K [0x0000000080000000, 0x0000000100000000)
  region size 1024K, 12 young (12288K), 1 survivors (1024K)
 Metaspace       used 64405K, committed 65024K, reserved 491520K
  class space    used 8933K, committed 9216K, reserved 425984K
}
Event: 22.131 GC heap after
{Heap after GC invocations=24 (full 0):
 garbage-first heap   total 156672K, used 69979K [0x0000000080000000, 0x0000000100000000)
  region size 1024K, 2 young (2048K), 2 survivors (2048K)
 Metaspace       used 64405K, committed 65024K, reserved 491520K
  class space    used 8933K, committed 9216K, reserved 425984K
}
Event: 23.270 GC heap before
{Heap before GC invocations=24 (full 0):
 garbage-first heap   total 156672K, used 131419K [0x0000000080000000, 0x0000000100000000)
  region size 1024K, 59 young (60416K), 2 survivors (2048K)
 Metaspace       used 71900K, committed 72576K, reserved 491520K
  class space    used 10233K, committed 10560K, reserved 425984K
}
Event: 23.275 GC heap after
{Heap after GC invocations=25 (full 0):
 garbage-first heap   total 156672K, used 63504K [0x0000000080000000, 0x0000000100000000)
  region size 1024K, 2 young (2048K), 2 survivors (2048K)
 Metaspace       used 71900K, committed 72576K, reserved 491520K
  class space    used 10233K, committed 10560K, reserved 425984K
}
Event: 24.373 GC heap before
{Heap before GC invocations=25 (full 0):
 garbage-first heap   total 156672K, used 129040K [0x0000000080000000, 0x0000000100000000)
  region size 1024K, 66 young (67584K), 2 survivors (2048K)
 Metaspace       used 79873K, committed 80640K, reserved 557056K
  class space    used 11233K, committed 11648K, reserved 425984K
}
Event: 24.381 GC heap after
{Heap after GC invocations=26 (full 0):
 garbage-first heap   total 156672K, used 65812K [0x0000000080000000, 0x0000000100000000)
  region size 1024K, 5 young (5120K), 5 survivors (5120K)
 Metaspace       used 79873K, committed 80640K, reserved 557056K
  class space    used 11233K, committed 11648K, reserved 425984K
}
Event: 25.016 GC heap before
{Heap before GC invocations=26 (full 0):
 garbage-first heap   total 156672K, used 133396K [0x0000000080000000, 0x0000000100000000)
  region size 1024K, 64 young (65536K), 5 survivors (5120K)
 Metaspace       used 82938K, committed 83776K, reserved 557056K
  class space    used 11567K, committed 11968K, reserved 425984K
}
Event: 25.053 GC heap after
{Heap after GC invocations=27 (full 0):
 garbage-first heap   total 156672K, used 79423K [0x0000000080000000, 0x0000000100000000)
  region size 1024K, 9 young (9216K), 9 survivors (9216K)
 Metaspace       used 82938K, committed 83776K, reserved 557056K
  class space    used 11567K, committed 11968K, reserved 425984K
}
Event: 25.875 GC heap before
{Heap before GC invocations=28 (full 0):
 garbage-first heap   total 156672K, used 124479K [0x0000000080000000, 0x0000000100000000)
  region size 1024K, 51 young (52224K), 9 survivors (9216K)
 Metaspace       used 85728K, committed 86528K, reserved 557056K
  class space    used 11926K, committed 12288K, reserved 425984K
}
Event: 25.903 GC heap after
{Heap after GC invocations=29 (full 0):
 garbage-first heap   total 156672K, used 83968K [0x0000000080000000, 0x0000000100000000)
  region size 1024K, 6 young (6144K), 6 survivors (6144K)
 Metaspace       used 85728K, committed 86528K, reserved 557056K
  class space    used 11926K, committed 12288K, reserved 425984K
}
Event: 25.931 GC heap before
{Heap before GC invocations=29 (full 0):
 garbage-first heap   total 156672K, used 92160K [0x0000000080000000, 0x0000000100000000)
  region size 1024K, 7 young (7168K), 6 survivors (6144K)
 Metaspace       used 85814K, committed 86592K, reserved 557056K
  class space    used 11939K, committed 12288K, reserved 425984K
}
Event: 25.942 GC heap after
{Heap after GC invocations=30 (full 0):
 garbage-first heap   total 156672K, used 91136K [0x0000000080000000, 0x0000000100000000)
  region size 1024K, 1 young (1024K), 1 survivors (1024K)
 Metaspace       used 85814K, committed 86592K, reserved 557056K
  class space    used 11939K, committed 12288K, reserved 425984K
}
Event: 25.989 GC heap before
{Heap before GC invocations=30 (full 0):
 garbage-first heap   total 156672K, used 93184K [0x0000000080000000, 0x0000000100000000)
  region size 1024K, 4 young (4096K), 1 survivors (1024K)
 Metaspace       used 85953K, committed 86784K, reserved 557056K
  class space    used 11947K, committed 12352K, reserved 425984K
}

Dll operation events (15 events):
Event: 0.024 Loaded shared library C:\Program Files\Microsoft\jdk-17.0.10.7-hotspot\bin\java.dll
Event: 0.046 Loaded shared library C:\Program Files\Microsoft\jdk-17.0.10.7-hotspot\bin\jsvml.dll
Event: 0.110 Loaded shared library C:\Program Files\Microsoft\jdk-17.0.10.7-hotspot\bin\zip.dll
Event: 0.113 Loaded shared library C:\Program Files\Microsoft\jdk-17.0.10.7-hotspot\bin\instrument.dll
Event: 0.117 Loaded shared library C:\Program Files\Microsoft\jdk-17.0.10.7-hotspot\bin\net.dll
Event: 0.118 Loaded shared library C:\Program Files\Microsoft\jdk-17.0.10.7-hotspot\bin\nio.dll
Event: 0.120 Loaded shared library C:\Program Files\Microsoft\jdk-17.0.10.7-hotspot\bin\zip.dll
Event: 0.454 Loaded shared library C:\Program Files\Microsoft\jdk-17.0.10.7-hotspot\bin\jimage.dll
Event: 0.675 Loaded shared library C:\Program Files\Microsoft\jdk-17.0.10.7-hotspot\bin\verify.dll
Event: 0.922 Loaded shared library C:\Users\Chanchal\.gradle\native\1def1411415f61bf3af743bc5b6707747c0891f09f0c88961ee8f79bc544acac\windows-amd64\native-platform.dll
Event: 0.935 Loaded shared library C:\Users\Chanchal\.gradle\native\0.2.7\x86_64-windows-gnu\gradle-fileevents.dll
Event: 2.433 Loaded shared library C:\Program Files\Microsoft\jdk-17.0.10.7-hotspot\bin\management.dll
Event: 2.436 Loaded shared library C:\Program Files\Microsoft\jdk-17.0.10.7-hotspot\bin\management_ext.dll
Event: 2.600 Loaded shared library C:\Program Files\Microsoft\jdk-17.0.10.7-hotspot\bin\extnet.dll
Event: 2.894 Loaded shared library C:\Program Files\Microsoft\jdk-17.0.10.7-hotspot\bin\sunmscapi.dll

Deoptimization events (20 events):
Event: 24.984 Thread 0x000001c0b7744ac0 DEOPT PACKING pc=0x000001c08f798e94 sp=0x00000014c7ef2880
Event: 24.984 Thread 0x000001c0b7744ac0 DEOPT UNPACKING pc=0x000001c08efe699d sp=0x00000014c7ef2870 mode 2
Event: 24.988 Thread 0x000001c0b7744ac0 DEOPT PACKING pc=0x000001c0882b2cd3 sp=0x00000014c7ef2680
Event: 24.988 Thread 0x000001c0b7744ac0 DEOPT UNPACKING pc=0x000001c08efe7124 sp=0x00000014c7ef1b10 mode 0
Event: 25.007 Thread 0x000001c0b7744ac0 Uncommon trap: trap_request=0xffffff45 fr.pc=0x000001c08f795aec relative=0x00000000000018ec
Event: 25.007 Thread 0x000001c0b7744ac0 Uncommon trap: reason=unstable_if action=reinterpret pc=0x000001c08f795aec method=org.jetbrains.kotlin.com.intellij.openapi.vfs.impl.ArchiveHandler.directoryEntry(Ljava/util/Map;Lorg/jetbrains/kotlin/com/intellij/openapi/diagnostic/Logger;Ljava/lang/Strin
Event: 25.007 Thread 0x000001c0b7744ac0 DEOPT PACKING pc=0x000001c08f795aec sp=0x00000014c7ef24c0
Event: 25.007 Thread 0x000001c0b7744ac0 DEOPT UNPACKING pc=0x000001c08efe699d sp=0x00000014c7ef2438 mode 2
Event: 25.357 Thread 0x000001c0b7744ac0 Uncommon trap: trap_request=0xffffff45 fr.pc=0x000001c08f5f5468 relative=0x00000000000005c8
Event: 25.357 Thread 0x000001c0b7744ac0 Uncommon trap: reason=unstable_if action=reinterpret pc=0x000001c08f5f5468 method=java.lang.String.replace(CC)Ljava/lang/String; @ 2 c2
Event: 25.357 Thread 0x000001c0b7744ac0 DEOPT PACKING pc=0x000001c08f5f5468 sp=0x00000014c7ef2a30
Event: 25.357 Thread 0x000001c0b7744ac0 DEOPT UNPACKING pc=0x000001c08efe699d sp=0x00000014c7ef29e0 mode 2
Event: 25.723 Thread 0x000001c0b7744ac0 Uncommon trap: trap_request=0xffffff45 fr.pc=0x000001c08f902570 relative=0x00000000000012d0
Event: 25.723 Thread 0x000001c0b7744ac0 Uncommon trap: reason=unstable_if action=reinterpret pc=0x000001c08f902570 method=java.util.concurrent.ConcurrentHashMap.putVal(Ljava/lang/Object;Ljava/lang/Object;Z)Ljava/lang/Object; @ 162 c2
Event: 25.723 Thread 0x000001c0b7744ac0 DEOPT PACKING pc=0x000001c08f902570 sp=0x00000014c7ef1a10
Event: 25.723 Thread 0x000001c0b7744ac0 DEOPT UNPACKING pc=0x000001c08efe699d sp=0x00000014c7ef1998 mode 2
Event: 25.792 Thread 0x000001c0b7744ac0 Uncommon trap: trap_request=0xffffff45 fr.pc=0x000001c08f89af54 relative=0x00000000000002b4
Event: 25.792 Thread 0x000001c0b7744ac0 Uncommon trap: reason=unstable_if action=reinterpret pc=0x000001c08f89af54 method=org.jetbrains.kotlin.protobuf.CodedInputStream.readRawVarint32()I @ 10 c2
Event: 25.792 Thread 0x000001c0b7744ac0 DEOPT PACKING pc=0x000001c08f89af54 sp=0x00000014c7ef1b90
Event: 25.792 Thread 0x000001c0b7744ac0 DEOPT UNPACKING pc=0x000001c08efe699d sp=0x00000014c7ef1b10 mode 2

Classes unloaded (15 events):
Event: 18.655 Thread 0x000001c0ff6b1440 Unloading class 0x000001c0985443e8 '_BuildScript_$_run_closure1$_closure2'
Event: 18.655 Thread 0x000001c0ff6b1440 Unloading class 0x000001c098544000 '_BuildScript_$_run_closure1'
Event: 18.655 Thread 0x000001c0ff6b1440 Unloading class 0x000001c09853c000 '_BuildScript_'
Event: 25.174 Thread 0x000001c0ff6b1440 Unloading class 0x000001c098620800 '_BuildScript_'
Event: 25.174 Thread 0x000001c0ff6b1440 Unloading class 0x000001c09861d918 '_BuildScript_$_run_closure1$_closure2'
Event: 25.174 Thread 0x000001c0ff6b1440 Unloading class 0x000001c09861d530 '_BuildScript_$_run_closure1'
Event: 25.174 Thread 0x000001c0ff6b1440 Unloading class 0x000001c09861d000 '_BuildScript_'
Event: 25.174 Thread 0x000001c0ff6b1440 Unloading class 0x000001c09861a000 '_BuildScript_$_run_closure1$_closure2'
Event: 25.174 Thread 0x000001c0ff6b1440 Unloading class 0x000001c098619918 '_BuildScript_$_run_closure1'
Event: 25.174 Thread 0x000001c0ff6b1440 Unloading class 0x000001c0986193e8 '_BuildScript_'
Event: 25.174 Thread 0x000001c0ff6b1440 Unloading class 0x000001c098619000 'ProtobufPatchPlugin$_apply_closure1$_closure2$_closure3$_closure4'
Event: 25.174 Thread 0x000001c0ff6b1440 Unloading class 0x000001c098618a98 'ProtobufPatchPlugin$_apply_closure1$_closure2$_closure3'
Event: 25.174 Thread 0x000001c0ff6b1440 Unloading class 0x000001c0986186b0 'ProtobufPatchPlugin$_apply_closure1$_closure2'
Event: 25.174 Thread 0x000001c0ff6b1440 Unloading class 0x000001c0986182c8 'ProtobufPatchPlugin$_apply_closure1'
Event: 25.174 Thread 0x000001c0ff6b1440 Unloading class 0x000001c098618000 'ProtobufPatchPlugin'

Classes redefined (0 events):
No events

Internal exceptions (20 events):
Event: 23.535 Thread 0x000001c0b7744ac0 Exception <a 'java/lang/NoSuchMethodError'{0x00000000889177a8}: 'long java.lang.invoke.DirectMethodHandle$Holder.invokeStaticInit(java.lang.Object)'> (0x00000000889177a8) 
thrown [s\src\hotspot\share\interpreter\linkResolver.cpp, line 759]
Event: 23.621 Thread 0x000001c0b7744ac0 Exception <a 'java/lang/NoSuchMethodError'{0x00000000885c7a80}: 'void java.lang.invoke.DirectMethodHandle$Holder.invokeStaticInit(java.lang.Object)'> (0x00000000885c7a80) 
thrown [s\src\hotspot\share\interpreter\linkResolver.cpp, line 759]
Event: 23.629 Thread 0x000001c0b7744ac0 Exception <a 'java/lang/NoSuchMethodError'{0x0000000088461650}: 'void java.lang.invoke.DelegatingMethodHandle$Holder.reinvoke_L(java.lang.Object, java.lang.Object, java.lang.Object, long, java.lang.Object)'> (0x0000000088461650) 
thrown [s\src\hotspot\share\interpreter\linkResolver.cpp, line 759]
Event: 23.629 Thread 0x000001c0b7744ac0 Exception <a 'java/lang/NoSuchMethodError'{0x000000008846a630}: 'java.lang.Object java.lang.invoke.DirectMethodHandle$Holder.invokeSpecial(java.lang.Object, java.lang.Object, java.lang.Object, java.lang.Object, long)'> (0x000000008846a630) 
thrown [s\src\hotspot\share\interpreter\linkResolver.cpp, line 759]
Event: 23.630 Thread 0x000001c0b7744ac0 Exception <a 'java/lang/NoSuchMethodError'{0x000000008847b548}: 'int java.lang.invoke.DelegatingMethodHandle$Holder.reinvoke_L(java.lang.Object, java.lang.Object, java.lang.Object, long, java.lang.Object, java.lang.Object)'> (0x000000008847b548) 
thrown [s\src\hotspot\share\interpreter\linkResolver.cpp, line 759]
Event: 23.633 Thread 0x000001c0b7744ac0 Exception <a 'java/lang/NoSuchMethodError'{0x000000008848bda8}: 'int java.lang.invoke.DelegatingMethodHandle$Holder.reinvoke_L(java.lang.Object, java.lang.Object, java.lang.Object, long, int, int)'> (0x000000008848bda8) 
thrown [s\src\hotspot\share\interpreter\linkResolver.cpp, line 759]
Event: 23.634 Thread 0x000001c0b7744ac0 Exception <a 'java/lang/NoSuchMethodError'{0x000000008849c6d8}: 'int java.lang.invoke.DelegatingMethodHandle$Holder.reinvoke_L(java.lang.Object, java.lang.Object, java.lang.Object, long, long, long)'> (0x000000008849c6d8) 
thrown [s\src\hotspot\share\interpreter\linkResolver.cpp, line 759]
Event: 23.635 Thread 0x000001c0b7744ac0 Exception <a 'java/lang/NoSuchMethodError'{0x00000000884acda0}: 'int java.lang.invoke.DelegatingMethodHandle$Holder.reinvoke_L(java.lang.Object, java.lang.Object, java.lang.Object, long, int)'> (0x00000000884acda0) 
thrown [s\src\hotspot\share\interpreter\linkResolver.cpp, line 759]
Event: 23.637 Thread 0x000001c0b7744ac0 Exception <a 'java/lang/NoSuchMethodError'{0x00000000884c86a0}: 'void java.lang.invoke.DelegatingMethodHandle$Holder.reinvoke_L(java.lang.Object, java.lang.Object, java.lang.Object, long, java.lang.Object, long, long)'> (0x00000000884c86a0) 
thrown [s\src\hotspot\share\interpreter\linkResolver.cpp, line 759]
Event: 23.638 Thread 0x000001c0b7744ac0 Exception <a 'java/lang/NoSuchMethodError'{0x00000000884d1358}: 'long java.lang.invoke.Invokers$Holder.invokeExact_MT(java.lang.Object, java.lang.Object, java.lang.Object)'> (0x00000000884d1358) 
thrown [s\src\hotspot\share\interpreter\linkResolver.cpp, line 759]
Event: 23.639 Thread 0x000001c0b7744ac0 Exception <a 'java/lang/NoSuchMethodError'{0x00000000884d6a50}: 'int java.lang.invoke.Invokers$Holder.invokeExact_MT(java.lang.Object, java.lang.Object, java.lang.Object)'> (0x00000000884d6a50) 
thrown [s\src\hotspot\share\interpreter\linkResolver.cpp, line 759]
Event: 24.260 Thread 0x000001c0b7744ac0 Exception <a 'java/lang/NoSuchMethodError'{0x0000000085b43000}: 'java.lang.Object java.lang.invoke.DirectMethodHandle$Holder.invokeStatic(java.lang.Object, java.lang.Object, java.lang.Object, java.lang.Object, int, java.lang.Object)'> (0x0000000085b43000) 
thrown [s\src\hotspot\share\interpreter\linkResolver.cpp, line 759]
Event: 24.278 Thread 0x000001c0b7744ac0 Exception <a 'java/lang/NoSuchMethodError'{0x0000000085a4e4e8}: 'java.lang.Object java.lang.invoke.Invokers$Holder.invoke_MT(java.lang.Object, java.lang.Object, java.lang.Object)'> (0x0000000085a4e4e8) 
thrown [s\src\hotspot\share\interpreter\linkResolver.cpp, line 759]
Event: 24.290 Thread 0x000001c0b7744ac0 Exception <a 'sun/nio/fs/WindowsException'{0x0000000085ab10b8}> (0x0000000085ab10b8) 
thrown [s\src\hotspot\share\prims\jni.cpp, line 516]
Event: 24.595 Thread 0x000001c0b7744ac0 Exception <a 'java/lang/NoSuchMethodError'{0x0000000088a0c738}: 'int java.lang.invoke.DirectMethodHandle$Holder.invokeSpecial(java.lang.Object, java.lang.Object, int, int)'> (0x0000000088a0c738) 
thrown [s\src\hotspot\share\interpreter\linkResolver.cpp, line 759]
Event: 24.610 Thread 0x000001c0b7744ac0 Exception <a 'java/lang/NoSuchMethodError'{0x0000000088ace600}: 'java.lang.Object java.lang.invoke.Invokers$Holder.invokeExact_MT(java.lang.Object, java.lang.Object, long, java.lang.Object)'> (0x0000000088ace600) 
thrown [s\src\hotspot\share\interpreter\linkResolver.cpp, line 759]
Event: 24.612 Thread 0x000001c0b7744ac0 Exception <a 'java/lang/NoSuchMethodError'{0x0000000088ae5f98}: 'void java.lang.invoke.Invokers$Holder.invokeExact_MT(java.lang.Object, java.lang.Object, long, java.lang.Object, java.lang.Object)'> (0x0000000088ae5f98) 
thrown [s\src\hotspot\share\interpreter\linkResolver.cpp, line 759]
Event: 24.984 Thread 0x000001c0b7744ac0 Implicit null exception at 0x000001c08f797ce3 to 0x000001c08f798e70
Event: 25.318 Thread 0x000001c0b7744ac0 Exception <a 'sun/nio/fs/WindowsException'{0x0000000088b0e6a8}> (0x0000000088b0e6a8) 
thrown [s\src\hotspot\share\prims\jni.cpp, line 516]
Event: 25.323 Thread 0x000001c0b7744ac0 Exception <a 'sun/nio/fs/WindowsException'{0x0000000088b38ae8}> (0x0000000088b38ae8) 
thrown [s\src\hotspot\share\prims\jni.cpp, line 516]

VM Operations (20 events):
Event: 23.711 Executing VM operation: HandshakeAllThreads done
Event: 24.372 Executing VM operation: G1CollectForAllocation
Event: 24.381 Executing VM operation: G1CollectForAllocation done
Event: 24.545 Executing VM operation: HandshakeAllThreads
Event: 24.545 Executing VM operation: HandshakeAllThreads done
Event: 24.678 Executing VM operation: HandshakeAllThreads
Event: 24.678 Executing VM operation: HandshakeAllThreads done
Event: 24.906 Executing VM operation: HandshakeAllThreads
Event: 24.906 Executing VM operation: HandshakeAllThreads done
Event: 25.016 Executing VM operation: G1TryInitiateConcMark
Event: 25.092 Executing VM operation: G1TryInitiateConcMark done
Event: 25.173 Executing VM operation: G1PauseRemark
Event: 25.187 Executing VM operation: G1PauseRemark done
Event: 25.240 Executing VM operation: G1PauseCleanup
Event: 25.240 Executing VM operation: G1PauseCleanup done
Event: 25.875 Executing VM operation: G1CollectForAllocation
Event: 25.903 Executing VM operation: G1CollectForAllocation done
Event: 25.931 Executing VM operation: G1CollectForAllocation
Event: 25.942 Executing VM operation: G1CollectForAllocation done
Event: 25.988 Executing VM operation: G1TryInitiateConcMark

Events (20 events):
Event: 24.459 loading class java/nio/charset/IllegalCharsetNameException
Event: 24.459 loading class java/nio/charset/IllegalCharsetNameException done
Event: 24.460 loading class java/nio/charset/UnsupportedCharsetException
Event: 24.460 loading class java/nio/charset/UnsupportedCharsetException done
Event: 24.460 loading class sun/nio/cs/UTF_32BE
Event: 24.462 loading class sun/nio/cs/UTF_32BE done
Event: 24.462 loading class sun/nio/cs/UTF_32LE
Event: 24.462 loading class sun/nio/cs/UTF_32LE done
Event: 24.462 loading class sun/nio/cs/MS1251
Event: 24.462 loading class sun/nio/cs/MS1251 done
Event: 24.595 loading class java/util/function/IntUnaryOperator
Event: 24.595 loading class java/util/function/IntUnaryOperator done
Event: 24.683 loading class java/beans/PropertyChangeSupport
Event: 24.686 loading class java/beans/PropertyChangeSupport done
Event: 24.686 loading class java/beans/PropertyChangeSupport$PropertyChangeListenerMap
Event: 24.686 loading class java/beans/ChangeListenerMap
Event: 24.687 loading class java/beans/ChangeListenerMap done
Event: 24.687 loading class java/beans/PropertyChangeSupport$PropertyChangeListenerMap done
Event: 25.355 loading class java/util/regex/Pattern$Bound
Event: 25.356 loading class java/util/regex/Pattern$Bound done


Dynamic libraries:
0x00007ff73c8a0000 - 0x00007ff73c8ae000 	C:\Program Files\Microsoft\jdk-17.0.10.7-hotspot\bin\java.exe
0x00007ffba33d0000 - 0x00007ffba35c8000 	C:\WINDOWS\SYSTEM32\ntdll.dll
0x00007ffba14e0000 - 0x00007ffba15a2000 	C:\WINDOWS\System32\KERNEL32.DLL
0x00007ffba0cb0000 - 0x00007ffba0fa6000 	C:\WINDOWS\System32\KERNELBASE.dll
0x00007ffba0a70000 - 0x00007ffba0b70000 	C:\WINDOWS\System32\ucrtbase.dll
0x00007ffb8b970000 - 0x00007ffb8b98b000 	C:\Program Files\Microsoft\jdk-17.0.10.7-hotspot\bin\VCRUNTIME140.dll
0x00007ffb86a60000 - 0x00007ffb86a77000 	C:\Program Files\Microsoft\jdk-17.0.10.7-hotspot\bin\jli.dll
0x00007ffba31c0000 - 0x00007ffba335d000 	C:\WINDOWS\System32\USER32.dll
0x00007ffb92e60000 - 0x00007ffb930fb000 	C:\WINDOWS\WinSxS\amd64_microsoft.windows.common-controls_6595b64144ccf1df_6.0.19041.6280_none_60bc30a171f2f3f3\COMCTL32.dll
0x00007ffba1260000 - 0x00007ffba1282000 	C:\WINDOWS\System32\win32u.dll
0x00007ffba1430000 - 0x00007ffba14ce000 	C:\WINDOWS\System32\msvcrt.dll
0x00007ffba2b20000 - 0x00007ffba2b4b000 	C:\WINDOWS\System32\GDI32.dll
0x00007ffba0fe0000 - 0x00007ffba10f9000 	C:\WINDOWS\System32\gdi32full.dll
0x00007ffba1290000 - 0x00007ffba132d000 	C:\WINDOWS\System32\msvcp_win.dll
0x00007ffba1400000 - 0x00007ffba142f000 	C:\WINDOWS\System32\IMM32.DLL
0x00007ffb9ba90000 - 0x00007ffb9ba9c000 	C:\Program Files\Microsoft\jdk-17.0.10.7-hotspot\bin\vcruntime140_1.dll
0x00007ffb84910000 - 0x00007ffb8499d000 	C:\Program Files\Microsoft\jdk-17.0.10.7-hotspot\bin\msvcp140.dll
0x00007ffb58d30000 - 0x00007ffb59995000 	C:\Program Files\Microsoft\jdk-17.0.10.7-hotspot\bin\server\jvm.dll
0x00007ffba3060000 - 0x00007ffba3111000 	C:\WINDOWS\System32\ADVAPI32.dll
0x00007ffba3120000 - 0x00007ffba31bf000 	C:\WINDOWS\System32\sechost.dll
0x00007ffba2390000 - 0x00007ffba24b0000 	C:\WINDOWS\System32\RPCRT4.dll
0x00007ffba0fb0000 - 0x00007ffba0fd7000 	C:\WINDOWS\System32\bcrypt.dll
0x00007ffba08d0000 - 0x00007ffba091b000 	C:\WINDOWS\SYSTEM32\POWRPROF.dll
0x00007ffb8b960000 - 0x00007ffb8b969000 	C:\WINDOWS\SYSTEM32\WSOCK32.dll
0x00007ffba2d60000 - 0x00007ffba2dcb000 	C:\WINDOWS\System32\WS2_32.dll
0x00007ffb93b60000 - 0x00007ffb93b87000 	C:\WINDOWS\SYSTEM32\WINMM.dll
0x00007ffb99200000 - 0x00007ffb9920a000 	C:\WINDOWS\SYSTEM32\VERSION.dll
0x00007ffba08b0000 - 0x00007ffba08c2000 	C:\WINDOWS\SYSTEM32\UMPDC.dll
0x00007ffb9e830000 - 0x00007ffb9e842000 	C:\WINDOWS\SYSTEM32\kernel.appcore.dll
0x00007ffb86a50000 - 0x00007ffb86a5a000 	C:\Program Files\Microsoft\jdk-17.0.10.7-hotspot\bin\jimage.dll
0x00007ffb93bb0000 - 0x00007ffb93db1000 	C:\WINDOWS\SYSTEM32\DBGHELP.DLL
0x00007ffb8a2b0000 - 0x00007ffb8a2e4000 	C:\WINDOWS\SYSTEM32\dbgcore.DLL
0x00007ffba0b70000 - 0x00007ffba0bf2000 	C:\WINDOWS\System32\bcryptPrimitives.dll
0x00007ffb83850000 - 0x00007ffb8385e000 	C:\Program Files\Microsoft\jdk-17.0.10.7-hotspot\bin\instrument.dll
0x00007ffb86a20000 - 0x00007ffb86a45000 	C:\Program Files\Microsoft\jdk-17.0.10.7-hotspot\bin\java.dll
0x00007ffb5c4f0000 - 0x00007ffb5c5c7000 	C:\Program Files\Microsoft\jdk-17.0.10.7-hotspot\bin\jsvml.dll
0x00007ffba15b0000 - 0x00007ffba1d20000 	C:\WINDOWS\System32\SHELL32.dll
0x00007ffb9eb10000 - 0x00007ffb9f2b5000 	C:\WINDOWS\SYSTEM32\windows.storage.dll
0x00007ffba2590000 - 0x00007ffba28e3000 	C:\WINDOWS\System32\combase.dll
0x00007ffba03d0000 - 0x00007ffba03fb000 	C:\WINDOWS\SYSTEM32\Wldp.dll
0x00007ffba2190000 - 0x00007ffba225d000 	C:\WINDOWS\System32\OLEAUT32.dll
0x00007ffba28f0000 - 0x00007ffba299d000 	C:\WINDOWS\System32\SHCORE.dll
0x00007ffba2dd0000 - 0x00007ffba2e2b000 	C:\WINDOWS\System32\shlwapi.dll
0x00007ffba09a0000 - 0x00007ffba09c4000 	C:\WINDOWS\SYSTEM32\profapi.dll
0x00007ffb86880000 - 0x00007ffb86898000 	C:\Program Files\Microsoft\jdk-17.0.10.7-hotspot\bin\zip.dll
0x00007ffb86a00000 - 0x00007ffb86a19000 	C:\Program Files\Microsoft\jdk-17.0.10.7-hotspot\bin\net.dll
0x00007ffb9bbe0000 - 0x00007ffb9bcea000 	C:\WINDOWS\SYSTEM32\WINHTTP.dll
0x00007ffba0130000 - 0x00007ffba019a000 	C:\WINDOWS\system32\mswsock.dll
0x00007ffb869e0000 - 0x00007ffb869f6000 	C:\Program Files\Microsoft\jdk-17.0.10.7-hotspot\bin\nio.dll
0x00007ffb86870000 - 0x00007ffb86880000 	C:\Program Files\Microsoft\jdk-17.0.10.7-hotspot\bin\verify.dll
0x00007ffb86fb0000 - 0x00007ffb86fd7000 	C:\Users\Chanchal\.gradle\native\1def1411415f61bf3af743bc5b6707747c0891f09f0c88961ee8f79bc544acac\windows-amd64\native-platform.dll
0x00007ffb84760000 - 0x00007ffb847d8000 	C:\Users\Chanchal\.gradle\native\0.2.7\x86_64-windows-gnu\gradle-fileevents.dll
0x00007ffb83880000 - 0x00007ffb83889000 	C:\Program Files\Microsoft\jdk-17.0.10.7-hotspot\bin\management.dll
0x00007ffb83870000 - 0x00007ffb8387b000 	C:\Program Files\Microsoft\jdk-17.0.10.7-hotspot\bin\management_ext.dll
0x00007ffba14d0000 - 0x00007ffba14d8000 	C:\WINDOWS\System32\PSAPI.DLL
0x00007ffb9fe10000 - 0x00007ffb9fe4b000 	C:\WINDOWS\SYSTEM32\IPHLPAPI.DLL
0x00007ffba3380000 - 0x00007ffba3388000 	C:\WINDOWS\System32\NSI.dll
0x00007ffb9af50000 - 0x00007ffb9af67000 	C:\WINDOWS\SYSTEM32\dhcpcsvc6.DLL
0x00007ffb9af30000 - 0x00007ffb9af4d000 	C:\WINDOWS\SYSTEM32\dhcpcsvc.DLL
0x00007ffb9fe50000 - 0x00007ffb9ff1a000 	C:\WINDOWS\SYSTEM32\DNSAPI.dll
0x00007ffb83860000 - 0x00007ffb83869000 	C:\Program Files\Microsoft\jdk-17.0.10.7-hotspot\bin\extnet.dll
0x00007ffba0320000 - 0x00007ffba0338000 	C:\WINDOWS\SYSTEM32\CRYPTSP.dll
0x00007ffb9fa50000 - 0x00007ffb9fa88000 	C:\WINDOWS\system32\rsaenh.dll
0x00007ffba0920000 - 0x00007ffba094e000 	C:\WINDOWS\SYSTEM32\USERENV.dll
0x00007ffba0340000 - 0x00007ffba034c000 	C:\WINDOWS\SYSTEM32\CRYPTBASE.dll
0x00007ffb7fd30000 - 0x00007ffb7fd3e000 	C:\Program Files\Microsoft\jdk-17.0.10.7-hotspot\bin\sunmscapi.dll
0x00007ffba1100000 - 0x00007ffba125d000 	C:\WINDOWS\System32\CRYPT32.dll
0x00007ffba0440000 - 0x00007ffba0467000 	C:\WINDOWS\SYSTEM32\ncrypt.dll
0x00007ffba0400000 - 0x00007ffba043b000 	C:\WINDOWS\SYSTEM32\NTASN1.dll
0x00007ffb51cc0000 - 0x00007ffb51cc7000 	C:\WINDOWS\system32\wshunix.dll
0x00007ffb9fca0000 - 0x00007ffb9fcd3000 	C:\WINDOWS\SYSTEM32\ntmarta.dll

dbghelp: loaded successfully - version: 4.0.5 - missing functions: none
symbol engine: initialized successfully - sym options: 0x614 - pdb path: .;C:\Program Files\Microsoft\jdk-17.0.10.7-hotspot\bin;C:\WINDOWS\SYSTEM32;C:\WINDOWS\WinSxS\amd64_microsoft.windows.common-controls_6595b64144ccf1df_6.0.19041.6280_none_60bc30a171f2f3f3;C:\Program Files\Microsoft\jdk-17.0.10.7-hotspot\bin\server;C:\Users\Chanchal\.gradle\native\1def1411415f61bf3af743bc5b6707747c0891f09f0c88961ee8f79bc544acac\windows-amd64;C:\Users\Chanchal\.gradle\native\0.2.7\x86_64-windows-gnu

VM Arguments:
jvm_args: --add-opens=java.base/java.lang=ALL-UNNAMED --add-opens=java.base/java.lang.invoke=ALL-UNNAMED --add-opens=java.base/java.util=ALL-UNNAMED --add-opens=java.prefs/java.util.prefs=ALL-UNNAMED --add-exports=jdk.compiler/com.sun.tools.javac.api=ALL-UNNAMED --add-exports=jdk.compiler/com.sun.tools.javac.util=ALL-UNNAMED --add-opens=java.base/java.util=ALL-UNNAMED --add-opens=java.prefs/java.util.prefs=ALL-UNNAMED --add-opens=java.base/java.nio.charset=ALL-UNNAMED --add-opens=java.base/java.net=ALL-UNNAMED --add-opens=java.base/java.util.concurrent.atomic=ALL-UNNAMED --add-opens=java.xml/javax.xml.namespace=ALL-UNNAMED -XX:MaxMetaspaceSize=512m -Xmx2048m -Dfile.encoding=UTF-8 -Duser.country=US -Duser.language=en -Duser.variant -javaagent:C:\Users\Chanchal\.gradle\wrapper\dists\gradle-8.14.3-bin\cv11ve7ro1n3o1j4so8xd9n66\gradle-8.14.3\lib\agents\gradle-instrumentation-agent-8.14.3.jar 
java_command: org.gradle.launcher.daemon.bootstrap.GradleDaemon 8.14.3
java_class_path (initial): C:\Users\Chanchal\.gradle\wrapper\dists\gradle-8.14.3-bin\cv11ve7ro1n3o1j4so8xd9n66\gradle-8.14.3\lib\gradle-daemon-main-8.14.3.jar
Launcher Type: SUN_STANDARD

[Global flags]
     intx CICompilerCount                          = 2                                         {product} {ergonomic}
   size_t CompressedClassSpaceSize                 = 436207616                                 {product} {ergonomic}
     uint ConcGCThreads                            = 1                                         {product} {ergonomic}
     uint G1ConcRefinementThreads                  = 2                                         {product} {ergonomic}
   size_t G1HeapRegionSize                         = 1048576                                   {product} {ergonomic}
    uintx GCDrainStackTargetSize                   = 64                                        {product} {ergonomic}
   size_t InitialHeapSize                          = 134217728                                 {product} {ergonomic}
   size_t MarkStackSize                            = 4194304                                   {product} {ergonomic}
   size_t MaxHeapSize                              = 2147483648                                {product} {command line}
   size_t MaxMetaspaceSize                         = 536870912                                 {product} {command line}
   size_t MaxNewSize                               = 1287651328                                {product} {ergonomic}
   size_t MinHeapDeltaBytes                        = 1048576                                   {product} {ergonomic}
   size_t MinHeapSize                              = 8388608                                   {product} {ergonomic}
    uintx NonNMethodCodeHeapSize                   = 5826188                                {pd product} {ergonomic}
    uintx NonProfiledCodeHeapSize                  = 122916026                              {pd product} {ergonomic}
    uintx ProfiledCodeHeapSize                     = 122916026                              {pd product} {ergonomic}
    uintx ReservedCodeCacheSize                    = 251658240                              {pd product} {ergonomic}
     bool SegmentedCodeCache                       = true                                      {product} {ergonomic}
   size_t SoftMaxHeapSize                          = 2147483648                             {manageable} {ergonomic}
     bool UseCompressedClassPointers               = true                           {product lp64_product} {ergonomic}
     bool UseCompressedOops                        = true                           {product lp64_product} {ergonomic}
     bool UseG1GC                                  = true                                      {product} {ergonomic}
     bool UseLargePagesIndividualAllocation        = false                                  {pd product} {ergonomic}

Logging:
Log output configuration:
 #0: stdout all=warning uptime,level,tags
 #1: stderr all=off uptime,level,tags

Environment Variables:
JAVA_HOME=C:\Program Files\Microsoft\jdk-17.0.10.7-hotspot\
PATH=C:\Program Files\Microsoft\jdk-17.0.10.7-hotspot\bin;C:\WINDOWS\system32;C:\WINDOWS;C:\WINDOWS\System32\Wbem;C:\WINDOWS\System32\WindowsPowerShell\v1.0\;C:\WINDOWS\System32\OpenSSH\;C:\Program Files\Git\cmd;F:\xampp\php;C:\ProgramData\ComposerSetup\bin;C:\ProgramData\chocolatey\bin;%LOCALAPPDATA%\Android\Sdk\platform-tools;C:\Program Files\nodejs\;D:\xampp\php;C:\Users\Chanchal\AppData\Local\Microsoft\WindowsApps;;C:\Users\Chanchal\AppData\Roaming\Composer\vendor\bin;C:\Users\Chanchal\AppData\Local\Microsoft\WinGet\Packages\Schniz.fnm_Microsoft.Winget.Source_8wekyb3d8bbwe;C:\Users\Chanchal\AppData\Roaming\npm;C:\Users\Chanchal\AppData\Local\Programs\Microsoft VS Code\bin
USERNAME=Chanchal
OS=Windows_NT
PROCESSOR_IDENTIFIER=Intel64 Family 6 Model 60 Stepping 3, GenuineIntel
TMP=C:\Users\Chanchal\AppData\Local\Temp
TEMP=C:\Users\Chanchal\AppData\Local\Temp



Periodic native trim disabled


---------------  S Y S T E M  ---------------

OS:
 Windows 10 , 64 bit Build 19041 (10.0.19041.5915)
OS uptime: 0 days 0:47 hours

CPU: total 2 (initial active 2) (2 cores per cpu, 1 threads per core) family 6 model 60 stepping 3 microcode 0x27, cx8, cmov, fxsr, mmx, sse, sse2, sse3, ssse3, sse4.1, sse4.2, popcnt, lzcnt, tsc, tscinvbit, erms, clmul, clflush
Processor Information for all 2 processors :
  Max Mhz: 3100, Current Mhz: 3100, Mhz Limit: 3100

Memory: 4k page, system-wide physical 8092M (226M free)
TotalPageFile size 10316M (AvailPageFile size 68M)
current process WorkingSet (physical memory assigned to process): 373M, peak: 379M
current process commit charge ("private bytes"): 401M, peak: 565M

vm_info: OpenJDK 64-Bit Server VM (17.0.10+7-LTS) for windows-amd64 JRE (17.0.10+7-LTS), built on Jan 10 2024 19:47:12 by "MicrosoftCorporation" with MS VC++ 16.10 / 16.11 (VS2019)

END.
