#
# There is insufficient memory for the Java Runtime Environment to continue.
# Native memory allocation (mmap) failed to map 134217728 bytes for G1 virtual space
# Possible reasons:
#   The system is out of physical RAM or swap space
#   The process is running with CompressedOops enabled, and the Java Heap may be blocking the growth of the native heap
# Possible solutions:
#   Reduce memory load on the system
#   Increase physical memory or swap space
#   Check if swap backing store is full
#   Decrease Java heap size (-Xmx/-Xms)
#   Decrease number of Java threads
#   Decrease Java thread stack sizes (-Xss)
#   Set larger code cache with -XX:ReservedCodeCacheSize=
#   JVM is running with Unscaled Compressed Oops mode in which the Java heap is
#     placed in the first 4GB address space. The Java Heap base address is the
#     maximum limit for the native heap growth. Please use -XX:HeapBaseMinAddress
#     to set the Java Heap base and to place the Java Heap above 4GB virtual address.
# This output file may be truncated or incomplete.
#
#  Out of Memory Error (os_windows.cpp:3613), pid=9960, tid=5392
#
# JRE version:  (17.0.10+7) (build )
# Java VM: OpenJDK 64-Bit Server VM (17.0.10+7-LTS, mixed mode, sharing, tiered, compressed oops, compressed class ptrs, g1 gc, windows-amd64)
# No core dump will be written. Minidumps are not enabled by default on client versions of Windows
#

---------------  S U M M A R Y ------------

Command Line: com.google.prefab.cli.AppKt --build-system cmake --platform android --abi arm64-v8a --os-version 24 --stl c++_shared --ndk-version 27 --output C:\\Users\\Chanchal\\AppData\\Local\\Temp\\agp-prefab-staging9932189511989501467\\staged-cli-output C:\\Users\\Chanchal\\.gradle\\caches\\8.14.3\\transforms\\5e3de19cdc6bd36e24739a92b8cabbb2\\transformed\\react-android-0.81.4-debug\\prefab C:\\Users\\Chanchal\\.gradle\\caches\\8.14.3\\transforms\\aae44064e5ebb5af022ad83ed0ca6e0a\\transformed\\hermes-android-0.81.4-debug\\prefab C:\\Users\\Chanchal\\.gradle\\caches\\8.14.3\\transforms\\48f32c88ab848eeaa4d6425b771aa34b\\transformed\\fbjni-0.7.0\\prefab

Host: Intel(R) Pentium(R) CPU G3240 @ 3.10GHz, 2 cores, 7G,  Windows 10 , 64 bit Build 19041 (10.0.19041.5915)
Time: Tue Sep 23 16:14:51 2025 India Standard Time elapsed time: 0.027841 seconds (0d 0h 0m 0s)

---------------  T H R E A D  ---------------

Current thread (0x000002a245c64ab0):  JavaThread "Unknown thread" [_thread_in_vm, id=5392, stack(0x000000cb87e00000,0x000000cb87f00000)]

Stack: [0x000000cb87e00000,0x000000cb87f00000]
Native frames: (J=compiled Java code, j=interpreted, Vv=VM code, C=native code)
V  [jvm.dll+0x67f829]
V  [jvm.dll+0x83750a]
V  [jvm.dll+0x838fce]
V  [jvm.dll+0x839633]
V  [jvm.dll+0x247cbf]
V  [jvm.dll+0x67c669]
V  [jvm.dll+0x6710da]
V  [jvm.dll+0x309b8b]
V  [jvm.dll+0x311036]
V  [jvm.dll+0x360d5e]
V  [jvm.dll+0x360f8f]
V  [jvm.dll+0x2e0798]
V  [jvm.dll+0x2e1704]
V  [jvm.dll+0x808d91]
V  [jvm.dll+0x36ec11]
V  [jvm.dll+0x7e7826]
V  [jvm.dll+0x3f245f]
V  [jvm.dll+0x3f4091]
C  [jli.dll+0x528f]
C  [ucrtbase.dll+0x21bb2]
C  [KERNEL32.DLL+0x17374]
C  [ntdll.dll+0x4cc91]


---------------  P R O C E S S  ---------------

Threads class SMR info:
_java_thread_list=0x00007ffb59861ed8, length=0, elements={
}

Java Threads: ( => current thread )

Other Threads:
  0x000002a245cbc5c0 GCTaskThread "GC Thread#0" [stack: 0x000000cb88000000,0x000000cb88100000] [id=8700]
  0x000002a245ccd120 ConcurrentGCThread "G1 Main Marker" [stack: 0x000000cb88100000,0x000000cb88200000] [id=9392]
  0x000002a245ccda50 ConcurrentGCThread "G1 Conc#0" [stack: 0x000000cb88200000,0x000000cb88300000] [id=8208]

[error occurred during error reporting (printing all threads), id 0xc0000005, EXCEPTION_ACCESS_VIOLATION (0xc0000005) at pc=0x00007ffb590211d7]

VM state: not at safepoint (not fully initialized)

VM Mutex/Monitor currently owned by a thread:  ([mutex/lock_event])
[0x000002a245c5ee80] Heap_lock - owner thread: 0x000002a245c64ab0

Heap address: 0x0000000081800000, size: 2024 MB, Compressed Oops mode: 32-bit

CDS archive(s) mapped at: [0x0000000000000000-0x0000000000000000-0x0000000000000000), size 0, SharedBaseAddress: 0x0000000800000000, ArchiveRelocationMode: 1.
Narrow klass base: 0x0000000000000000, Narrow klass shift: 0, Narrow klass range: 0x0

GC Precious Log:
<Empty>

Heap:
 garbage-first heap   total 0K, used 0K [0x0000000081800000, 0x0000000100000000)
  region size 1024K, 0 young (0K), 0 survivors (0K)

[error occurred during error reporting (printing heap information), id 0xc0000005, EXCEPTION_ACCESS_VIOLATION (0xc0000005) at pc=0x00007ffb59409869]

GC Heap History (0 events):
No events

Dll operation events (1 events):
Event: 0.006 Loaded shared library C:\Program Files\Microsoft\jdk-17.0.10.7-hotspot\bin\java.dll

Deoptimization events (0 events):
No events

Classes unloaded (0 events):
No events

Classes redefined (0 events):
No events

Internal exceptions (0 events):
No events

VM Operations (0 events):
No events

Events (0 events):
No events


Dynamic libraries:
0x00007ff73c8a0000 - 0x00007ff73c8ae000 	C:\Program Files\Microsoft\jdk-17.0.10.7-hotspot\bin\java.exe
0x00007ffba33d0000 - 0x00007ffba35c8000 	C:\WINDOWS\SYSTEM32\ntdll.dll
0x00007ffba14e0000 - 0x00007ffba15a2000 	C:\WINDOWS\System32\KERNEL32.DLL
0x00007ffba0cb0000 - 0x00007ffba0fa6000 	C:\WINDOWS\System32\KERNELBASE.dll
0x00007ffba0a70000 - 0x00007ffba0b70000 	C:\WINDOWS\System32\ucrtbase.dll
0x00007ffb86a60000 - 0x00007ffb86a77000 	C:\Program Files\Microsoft\jdk-17.0.10.7-hotspot\bin\jli.dll
0x00007ffba31c0000 - 0x00007ffba335d000 	C:\WINDOWS\System32\USER32.dll
0x00007ffba1260000 - 0x00007ffba1282000 	C:\WINDOWS\System32\win32u.dll
0x00007ffba2b20000 - 0x00007ffba2b4b000 	C:\WINDOWS\System32\GDI32.dll
0x00007ffba0fe0000 - 0x00007ffba10f9000 	C:\WINDOWS\System32\gdi32full.dll
0x00007ffba1290000 - 0x00007ffba132d000 	C:\WINDOWS\System32\msvcp_win.dll
0x00007ffb8b970000 - 0x00007ffb8b98b000 	C:\Program Files\Microsoft\jdk-17.0.10.7-hotspot\bin\VCRUNTIME140.dll
0x00007ffb92e60000 - 0x00007ffb930fb000 	C:\WINDOWS\WinSxS\amd64_microsoft.windows.common-controls_6595b64144ccf1df_6.0.19041.6280_none_60bc30a171f2f3f3\COMCTL32.dll
0x00007ffba1430000 - 0x00007ffba14ce000 	C:\WINDOWS\System32\msvcrt.dll
0x00007ffba1400000 - 0x00007ffba142f000 	C:\WINDOWS\System32\IMM32.DLL
0x00007ffb9ba90000 - 0x00007ffb9ba9c000 	C:\Program Files\Microsoft\jdk-17.0.10.7-hotspot\bin\vcruntime140_1.dll
0x00007ffb84910000 - 0x00007ffb8499d000 	C:\Program Files\Microsoft\jdk-17.0.10.7-hotspot\bin\msvcp140.dll
0x00007ffb58d30000 - 0x00007ffb59995000 	C:\Program Files\Microsoft\jdk-17.0.10.7-hotspot\bin\server\jvm.dll
0x00007ffba3060000 - 0x00007ffba3111000 	C:\WINDOWS\System32\ADVAPI32.dll
0x00007ffba3120000 - 0x00007ffba31bf000 	C:\WINDOWS\System32\sechost.dll
0x00007ffba2390000 - 0x00007ffba24b0000 	C:\WINDOWS\System32\RPCRT4.dll
0x00007ffba0fb0000 - 0x00007ffba0fd7000 	C:\WINDOWS\System32\bcrypt.dll
0x00007ffba08d0000 - 0x00007ffba091b000 	C:\WINDOWS\SYSTEM32\POWRPROF.dll
0x00007ffb8b960000 - 0x00007ffb8b969000 	C:\WINDOWS\SYSTEM32\WSOCK32.dll
0x00007ffba2d60000 - 0x00007ffba2dcb000 	C:\WINDOWS\System32\WS2_32.dll
0x00007ffb93b60000 - 0x00007ffb93b87000 	C:\WINDOWS\SYSTEM32\WINMM.dll
0x00007ffb99200000 - 0x00007ffb9920a000 	C:\WINDOWS\SYSTEM32\VERSION.dll
0x00007ffba08b0000 - 0x00007ffba08c2000 	C:\WINDOWS\SYSTEM32\UMPDC.dll
0x00007ffb9e830000 - 0x00007ffb9e842000 	C:\WINDOWS\SYSTEM32\kernel.appcore.dll
0x00007ffb86a50000 - 0x00007ffb86a5a000 	C:\Program Files\Microsoft\jdk-17.0.10.7-hotspot\bin\jimage.dll
0x00007ffb93bb0000 - 0x00007ffb93db1000 	C:\WINDOWS\SYSTEM32\DBGHELP.DLL
0x00007ffb8a2b0000 - 0x00007ffb8a2e4000 	C:\WINDOWS\SYSTEM32\dbgcore.DLL
0x00007ffba0b70000 - 0x00007ffba0bf2000 	C:\WINDOWS\System32\bcryptPrimitives.dll
0x00007ffb86a20000 - 0x00007ffb86a45000 	C:\Program Files\Microsoft\jdk-17.0.10.7-hotspot\bin\java.dll

dbghelp: loaded successfully - version: 4.0.5 - missing functions: none
symbol engine: initialized successfully - sym options: 0x614 - pdb path: .;C:\Program Files\Microsoft\jdk-17.0.10.7-hotspot\bin;C:\WINDOWS\SYSTEM32;C:\WINDOWS\WinSxS\amd64_microsoft.windows.common-controls_6595b64144ccf1df_6.0.19041.6280_none_60bc30a171f2f3f3;C:\Program Files\Microsoft\jdk-17.0.10.7-hotspot\bin\server

VM Arguments:
java_command: com.google.prefab.cli.AppKt --build-system cmake --platform android --abi arm64-v8a --os-version 24 --stl c++_shared --ndk-version 27 --output C:\\Users\\Chanchal\\AppData\\Local\\Temp\\agp-prefab-staging9932189511989501467\\staged-cli-output C:\\Users\\Chanchal\\.gradle\\caches\\8.14.3\\transforms\\5e3de19cdc6bd36e24739a92b8cabbb2\\transformed\\react-android-0.81.4-debug\\prefab C:\\Users\\Chanchal\\.gradle\\caches\\8.14.3\\transforms\\aae44064e5ebb5af022ad83ed0ca6e0a\\transformed\\hermes-android-0.81.4-debug\\prefab C:\\Users\\Chanchal\\.gradle\\caches\\8.14.3\\transforms\\48f32c88ab848eeaa4d6425b771aa34b\\transformed\\fbjni-0.7.0\\prefab
java_class_path (initial): C:\\Users\\Chanchal\\.gradle\\caches\\modules-2\\files-2.1\\com.google.prefab\\cli\\2.1.0\\aa32fec809c44fa531f01dcfb739b5b3304d3050\\cli-2.1.0-all.jar
Launcher Type: SUN_STANDARD

[Global flags]
     intx CICompilerCount                          = 2                                         {product} {ergonomic}
     uint ConcGCThreads                            = 1                                         {product} {ergonomic}
     uint G1ConcRefinementThreads                  = 2                                         {product} {ergonomic}
   size_t G1HeapRegionSize                         = 1048576                                   {product} {ergonomic}
    uintx GCDrainStackTargetSize                   = 64                                        {product} {ergonomic}
   size_t InitialHeapSize                          = 134217728                                 {product} {ergonomic}
   size_t MarkStackSize                            = 4194304                                   {product} {ergonomic}
   size_t MaxHeapSize                              = 2122317824                                {product} {ergonomic}
   size_t MinHeapDeltaBytes                        = 1048576                                   {product} {ergonomic}
   size_t MinHeapSize                              = 8388608                                   {product} {ergonomic}
    uintx NonNMethodCodeHeapSize                   = 5826188                                {pd product} {ergonomic}
    uintx NonProfiledCodeHeapSize                  = 122916026                              {pd product} {ergonomic}
    uintx ProfiledCodeHeapSize                     = 122916026                              {pd product} {ergonomic}
    uintx ReservedCodeCacheSize                    = 251658240                              {pd product} {ergonomic}
     bool SegmentedCodeCache                       = true                                      {product} {ergonomic}
   size_t SoftMaxHeapSize                          = 2122317824                             {manageable} {ergonomic}
     bool UseCompressedClassPointers               = true                           {product lp64_product} {ergonomic}
     bool UseCompressedOops                        = true                           {product lp64_product} {ergonomic}
     bool UseG1GC                                  = true                                      {product} {ergonomic}
     bool UseLargePagesIndividualAllocation        = false                                  {pd product} {ergonomic}

Logging:
Log output configuration:
 #0: stdout all=warning uptime,level,tags
 #1: stderr all=off uptime,level,tags

Environment Variables:
JAVA_HOME=C:\Program Files\Microsoft\jdk-17.0.10.7-hotspot\
PATH=D:\calculationapp\node_modules\.bin;D:\calculationapp\node_modules\.bin;D:\node_modules\.bin;C:\Users\Chanchal\AppData\Roaming\npm\node_modules\npm\node_modules\@npmcli\run-script\lib\node-gyp-bin;C:\Program Files\Microsoft\jdk-17.0.10.7-hotspot\bin;C:\WINDOWS\system32;C:\WINDOWS;C:\WINDOWS\System32\Wbem;C:\WINDOWS\System32\WindowsPowerShell\v1.0\;C:\WINDOWS\System32\OpenSSH\;C:\Program Files\Git\cmd;F:\xampp\php;C:\ProgramData\ComposerSetup\bin;C:\ProgramData\chocolatey\bin;%LOCALAPPDATA%\Android\Sdk\platform-tools;C:\Program Files\nodejs\;D:\xampp\php;C:\Users\Chanchal\AppData\Local\Microsoft\WindowsApps;;C:\Users\Chanchal\AppData\Roaming\Composer\vendor\bin;C:\Users\Chanchal\AppData\Local\Microsoft\WinGet\Packages\Schniz.fnm_Microsoft.Winget.Source_8wekyb3d8bbwe;C:\Users\Chanchal\AppData\Roaming\npm;C:\Users\Chanchal\AppData\Local\Programs\Microsoft VS Code\bin
USERNAME=Chanchal
OS=Windows_NT
PROCESSOR_IDENTIFIER=Intel64 Family 6 Model 60 Stepping 3, GenuineIntel
TMP=C:\Users\Chanchal\AppData\Local\Temp
TEMP=C:\Users\Chanchal\AppData\Local\Temp



Periodic native trim disabled


---------------  S Y S T E M  ---------------

OS:
 Windows 10 , 64 bit Build 19041 (10.0.19041.5915)
OS uptime: 0 days 1:45 hours

CPU: total 2 (initial active 2) (2 cores per cpu, 1 threads per core) family 6 model 60 stepping 3 microcode 0x27, cx8, cmov, fxsr, mmx, sse, sse2, sse3, ssse3, sse4.1, sse4.2, popcnt, lzcnt, tsc, tscinvbit, erms, clmul, clflush
Processor Information for all 2 processors :
  Max Mhz: 3100, Current Mhz: 3100, Mhz Limit: 3100

Memory: 4k page, system-wide physical 8092M (1011M free)
TotalPageFile size 10176M (AvailPageFile size 96M)
current process WorkingSet (physical memory assigned to process): 10M, peak: 10M
current process commit charge ("private bytes"): 47M, peak: 175M

vm_info: OpenJDK 64-Bit Server VM (17.0.10+7-LTS) for windows-amd64 JRE (17.0.10+7-LTS), built on Jan 10 2024 19:47:12 by "MicrosoftCorporation" with MS VC++ 16.10 / 16.11 (VS2019)

END.
